Archive member included to satisfy reference by file (symbol)

c:/st/stm32cubeide_1.8.0/stm32cubeide/plugins/com.st.stm32cube.ide.mcu.externaltools.gnu-tools-for-stm32.9-2020-q2-update.win32_2.0.0.202105311346/tools/bin/../lib/gcc/arm-none-eabi/9.3.1/../../../../arm-none-eabi/lib/thumb/v7e-m+fp/hard\libstdc++_nano.a(del_ops.o)
                              ./Src/usart.o (operator delete(void*, unsigned int))
c:/st/stm32cubeide_1.8.0/stm32cubeide/plugins/com.st.stm32cube.ide.mcu.externaltools.gnu-tools-for-stm32.9-2020-q2-update.win32_2.0.0.202105311346/tools/bin/../lib/gcc/arm-none-eabi/9.3.1/../../../../arm-none-eabi/lib/thumb/v7e-m+fp/hard\libstdc++_nano.a(del_opv.o)
                              ./Src/gpio.o (operator delete[](void*))
c:/st/stm32cubeide_1.8.0/stm32cubeide/plugins/com.st.stm32cube.ide.mcu.externaltools.gnu-tools-for-stm32.9-2020-q2-update.win32_2.0.0.202105311346/tools/bin/../lib/gcc/arm-none-eabi/9.3.1/../../../../arm-none-eabi/lib/thumb/v7e-m+fp/hard\libstdc++_nano.a(pure.o)
                              ./Src/usart_demo.o (__cxa_pure_virtual)
c:/st/stm32cubeide_1.8.0/stm32cubeide/plugins/com.st.stm32cube.ide.mcu.externaltools.gnu-tools-for-stm32.9-2020-q2-update.win32_2.0.0.202105311346/tools/bin/../lib/gcc/arm-none-eabi/9.3.1/../../../../arm-none-eabi/lib/thumb/v7e-m+fp/hard\libstdc++_nano.a(functexcept.o)
                              ./Src/gpio.o (std::__throw_out_of_range_fmt(char const*, ...))
c:/st/stm32cubeide_1.8.0/stm32cubeide/plugins/com.st.stm32cube.ide.mcu.externaltools.gnu-tools-for-stm32.9-2020-q2-update.win32_2.0.0.202105311346/tools/bin/../lib/gcc/arm-none-eabi/9.3.1/../../../../arm-none-eabi/lib/thumb/v7e-m+fp/hard\libstdc++_nano.a(snprintf_lite.o)
                              c:/st/stm32cubeide_1.8.0/stm32cubeide/plugins/com.st.stm32cube.ide.mcu.externaltools.gnu-tools-for-stm32.9-2020-q2-update.win32_2.0.0.202105311346/tools/bin/../lib/gcc/arm-none-eabi/9.3.1/../../../../arm-none-eabi/lib/thumb/v7e-m+fp/hard\libstdc++_nano.a(functexcept.o) (__gnu_cxx::__snprintf_lite(char*, unsigned int, char const*, std::__va_list))
c:/st/stm32cubeide_1.8.0/stm32cubeide/plugins/com.st.stm32cube.ide.mcu.externaltools.gnu-tools-for-stm32.9-2020-q2-update.win32_2.0.0.202105311346/tools/bin/../lib/gcc/arm-none-eabi/9.3.1/../../../../arm-none-eabi/lib/thumb/v7e-m+fp/hard\libstdc++_nano.a(del_op.o)
                              c:/st/stm32cubeide_1.8.0/stm32cubeide/plugins/com.st.stm32cube.ide.mcu.externaltools.gnu-tools-for-stm32.9-2020-q2-update.win32_2.0.0.202105311346/tools/bin/../lib/gcc/arm-none-eabi/9.3.1/../../../../arm-none-eabi/lib/thumb/v7e-m+fp/hard\libstdc++_nano.a(del_ops.o) (operator delete(void*))
c:/st/stm32cubeide_1.8.0/stm32cubeide/plugins/com.st.stm32cube.ide.mcu.externaltools.gnu-tools-for-stm32.9-2020-q2-update.win32_2.0.0.202105311346/tools/bin/../lib/gcc/arm-none-eabi/9.3.1/../../../../arm-none-eabi/lib/thumb/v7e-m+fp/hard\libstdc++_nano.a(eh_terminate.o)
                              c:/st/stm32cubeide_1.8.0/stm32cubeide/plugins/com.st.stm32cube.ide.mcu.externaltools.gnu-tools-for-stm32.9-2020-q2-update.win32_2.0.0.202105311346/tools/bin/../lib/gcc/arm-none-eabi/9.3.1/../../../../arm-none-eabi/lib/thumb/v7e-m+fp/hard\libstdc++_nano.a(pure.o) (std::terminate())
c:/st/stm32cubeide_1.8.0/stm32cubeide/plugins/com.st.stm32cube.ide.mcu.externaltools.gnu-tools-for-stm32.9-2020-q2-update.win32_2.0.0.202105311346/tools/bin/../lib/gcc/arm-none-eabi/9.3.1/../../../../arm-none-eabi/lib/thumb/v7e-m+fp/hard\libstdc++_nano.a(eh_unex_handler.o)
                              c:/st/stm32cubeide_1.8.0/stm32cubeide/plugins/com.st.stm32cube.ide.mcu.externaltools.gnu-tools-for-stm32.9-2020-q2-update.win32_2.0.0.202105311346/tools/bin/../lib/gcc/arm-none-eabi/9.3.1/../../../../arm-none-eabi/lib/thumb/v7e-m+fp/hard\libstdc++_nano.a(eh_terminate.o) (__cxxabiv1::__unexpected_handler)
c:/st/stm32cubeide_1.8.0/stm32cubeide/plugins/com.st.stm32cube.ide.mcu.externaltools.gnu-tools-for-stm32.9-2020-q2-update.win32_2.0.0.202105311346/tools/bin/../lib/gcc/arm-none-eabi/9.3.1/../../../../arm-none-eabi/lib/thumb/v7e-m+fp/hard\libstdc++_nano.a(eh_term_handler.o)
                              c:/st/stm32cubeide_1.8.0/stm32cubeide/plugins/com.st.stm32cube.ide.mcu.externaltools.gnu-tools-for-stm32.9-2020-q2-update.win32_2.0.0.202105311346/tools/bin/../lib/gcc/arm-none-eabi/9.3.1/../../../../arm-none-eabi/lib/thumb/v7e-m+fp/hard\libstdc++_nano.a(eh_terminate.o) (__cxxabiv1::__terminate_handler)
c:/st/stm32cubeide_1.8.0/stm32cubeide/plugins/com.st.stm32cube.ide.mcu.externaltools.gnu-tools-for-stm32.9-2020-q2-update.win32_2.0.0.202105311346/tools/bin/../lib/gcc/arm-none-eabi/9.3.1/../../../../arm-none-eabi/lib/thumb/v7e-m+fp/hard\libc_nano.a(lib_a-abort.o)
[...]
Memory Configuration

Name             Origin             Length             Attributes
RAM              0x0000000020000000 0x0000000000020000 xrw
FLASH            0x0000000008000000 0x0000000000080000 xr
*default*        0x0000000000000000 0xffffffffffffffff

Linker script and memory map

LOAD c:/st/stm32cubeide_1.8.0/stm32cubeide/plugins/com.st.stm32cube.ide.mcu.externaltools.gnu-tools-for-stm32.9-2020-q2-update.win32_2.0.0.202105311346/tools/bin/../lib/gcc/arm-none-eabi/9.3.1/thumb/v7e-m+fp/hard/crti.o
LOAD c:/st/stm32cubeide_1.8.0/stm32cubeide/plugins/com.st.stm32cube.ide.mcu.externaltools.gnu-tools-for-stm32.9-2020-q2-update.win32_2.0.0.202105311346/tools/bin/../lib/gcc/arm-none-eabi/9.3.1/thumb/v7e-m+fp/hard/crtbegin.o
LOAD c:/st/stm32cubeide_1.8.0/stm32cubeide/plugins/com.st.stm32cube.ide.mcu.externaltools.gnu-tools-for-stm32.9-2020-q2-update.win32_2.0.0.202105311346/tools/bin/../lib/gcc/arm-none-eabi/9.3.1/../../../../arm-none-eabi/lib/thumb/v7e-m+fp/hard/crt0.o
LOAD ./Src/gpio.o
LOAD ./Src/i2c.o
LOAD ./Src/rcc.o
LOAD ./Src/spi.o
LOAD ./Src/syscalls.o
LOAD ./Src/sysmem.o
LOAD ./Src/usart.o
LOAD ./Src/usart_demo.o
LOAD ./Startup/startup_stm32f411retx.o
START GROUP
LOAD c:/st/stm32cubeide_1.8.0/stm32cubeide/plugins/com.st.stm32cube.ide.mcu.externaltools.gnu-tools-for-stm32.9-2020-q2-update.win32_2.0.0.202105311346/tools/bin/../lib/gcc/arm-none-eabi/9.3.1/../../../../arm-none-eabi/lib/thumb/v7e-m+fp/hard\libstdc++_nano.a
LOAD c:/st/stm32cubeide_1.8.0/stm32cubeide/plugins/com.st.stm32cube.ide.mcu.externaltools.gnu-tools-for-stm32.9-2020-q2-update.win32_2.0.0.202105311346/tools/bin/../lib/gcc/arm-none-eabi/9.3.1/../../../../arm-none-eabi/lib/thumb/v7e-m+fp/hard\libsupc++_nano.a
END GROUP
LOAD c:/st/stm32cubeide_1.8.0/stm32cubeide/plugins/com.st.stm32cube.ide.mcu.externaltools.gnu-tools-for-stm32.9-2020-q2-update.win32_2.0.0.202105311346/tools/bin/../lib/gcc/arm-none-eabi/9.3.1/../../../../arm-none-eabi/lib/thumb/v7e-m+fp/hard\libstdc++_nano.a
LOAD c:/st/stm32cubeide_1.8.0/stm32cubeide/plugins/com.st.stm32cube.ide.mcu.externaltools.gnu-tools-for-stm32.9-2020-q2-update.win32_2.0.0.202105311346/tools/bin/../lib/gcc/arm-none-eabi/9.3.1/../../../../arm-none-eabi/lib/thumb/v7e-m+fp/hard\libm.a
LOAD c:/st/stm32cubeide_1.8.0/stm32cubeide/plugins/com.st.stm32cube.ide.mcu.externaltools.gnu-tools-for-stm32.9-2020-q2-update.win32_2.0.0.202105311346/tools/bin/../lib/gcc/arm-none-eabi/9.3.1/../../../../arm-none-eabi/lib/thumb/v7e-m+fp/hard\libc_nano.a
START GROUP
LOAD c:/st/stm32cubeide_1.8.0/stm32cubeide/plugins/com.st.stm32cube.ide.mcu.externaltools.gnu-tools-for-stm32.9-2020-q2-update.win32_2.0.0.202105311346/tools/bin/../lib/gcc/arm-none-eabi/9.3.1/thumb/v7e-m+fp/hard\libgcc.a
LOAD c:/st/stm32cubeide_1.8.0/stm32cubeide/plugins/com.st.stm32cube.ide.mcu.externaltools.gnu-tools-for-stm32.9-2020-q2-update.win32_2.0.0.202105311346/tools/bin/../lib/gcc/arm-none-eabi/9.3.1/../../../../arm-none-eabi/lib/thumb/v7e-m+fp/hard\libc_nano.a
END GROUP
START GROUP
LOAD c:/st/stm32cubeide_1.8.0/stm32cubeide/plugins/com.st.stm32cube.ide.mcu.externaltools.gnu-tools-for-stm32.9-2020-q2-update.win32_2.0.0.202105311346/tools/bin/../lib/gcc/arm-none-eabi/9.3.1/thumb/v7e-m+fp/hard\libgcc.a
LOAD c:/st/stm32cubeide_1.8.0/stm32cubeide/plugins/com.st.stm32cube.ide.mcu.externaltools.gnu-tools-for-stm32.9-2020-q2-update.win32_2.0.0.202105311346/tools/bin/../lib/gcc/arm-none-eabi/9.3.1/../../../../arm-none-eabi/lib/thumb/v7e-m+fp/hard\libc_nano.a
LOAD c:/st/stm32cubeide_1.8.0/stm32cubeide/plugins/com.st.stm32cube.ide.mcu.externaltools.gnu-tools-for-stm32.9-2020-q2-update.win32_2.0.0.202105311346/tools/bin/../lib/gcc/arm-none-eabi/9.3.1/../../../../arm-none-eabi/lib/thumb/v7e-m+fp/hard\libnosys.a
END GROUP
START GROUP
LOAD c:/st/stm32cubeide_1.8.0/stm32cubeide/plugins/com.st.stm32cube.ide.mcu.externaltools.gnu-tools-for-stm32.9-2020-q2-update.win32_2.0.0.202105311346/tools/bin/../lib/gcc/arm-none-eabi/9.3.1/thumb/v7e-m+fp/hard\libgcc.a
LOAD c:/st/stm32cubeide_1.8.0/stm32cubeide/plugins/com.st.stm32cube.ide.mcu.externaltools.gnu-tools-for-stm32.9-2020-q2-update.win32_2.0.0.202105311346/tools/bin/../lib/gcc/arm-none-eabi/9.3.1/../../../../arm-none-eabi/lib/thumb/v7e-m+fp/hard\libc_nano.a
LOAD c:/st/stm32cubeide_1.8.0/stm32cubeide/plugins/com.st.stm32cube.ide.mcu.externaltools.gnu-tools-for-stm32.9-2020-q2-update.win32_2.0.0.202105311346/tools/bin/../lib/gcc/arm-none-eabi/9.3.1/../../../../arm-none-eabi/lib/thumb/v7e-m+fp/hard\libnosys.a
END GROUP
LOAD c:/st/stm32cubeide_1.8.0/stm32cubeide/plugins/com.st.stm32cube.ide.mcu.externaltools.gnu-tools-for-stm32.9-2020-q2-update.win32_2.0.0.202105311346/tools/bin/../lib/gcc/arm-none-eabi/9.3.1/thumb/v7e-m+fp/hard/crtend.o
LOAD c:/st/stm32cubeide_1.8.0/stm32cubeide/plugins/com.st.stm32cube.ide.mcu.externaltools.gnu-tools-for-stm32.9-2020-q2-update.win32_2.0.0.202105311346/tools/bin/../lib/gcc/arm-none-eabi/9.3.1/thumb/v7e-m+fp/hard/crtn.o
                0x0000000020020000                _estack = (ORIGIN (RAM) + LENGTH (RAM))
                0x0000000000000200                _Min_Heap_Size = 0x200
                0x0000000000000400                _Min_Stack_Size = 0x400

.isr_vector     0x0000000008000000      0x198
                0x0000000008000000                . = ALIGN (0x4)
 *(.isr_vector)
 .isr_vector    0x0000000008000000      0x198 ./Startup/startup_stm32f411retx.o
                0x0000000008000000                g_pfnVectors
                0x0000000008000198                . = ALIGN (0x4)

.text           0x0000000008000198     0x18a0
                0x0000000008000198                . = ALIGN (0x4)
 *(.text)
 .text          0x0000000008000198       0x40 c:/st/stm32cubeide_1.8.0/stm32cubeide/plugins/com.st.stm32cube.ide.mcu.externaltools.gnu-tools-for-stm32.9-2020-q2-update.win32_2.0.0.202105311346/tools/bin/../lib/gcc/arm-none-eabi/9.3.1/thumb/v7e-m+fp/hard/crtbegin.o
 .text          0x00000000080001d8       0x10 c:/st/stm32cubeide_1.8.0/stm32cubeide/plugins/com.st.stm32cube.ide.mcu.externaltools.gnu-tools-for-stm32.9-2020-q2-update.win32_2.0.0.202105311346/tools/bin/../lib/gcc/arm-none-eabi/9.3.1/../../../../arm-none-eabi/lib/thumb/v7e-m+fp/hard\libc_nano.a(lib_a-strlen.o)
                0x00000000080001d8                strlen
 .text          0x00000000080001e8       0x30 c:/st/stm32cubeide_1.8.0/stm32cubeide/plugins/com.st.stm32cube.ide.mcu.externaltools.gnu-tools-for-stm32.9-2020-q2-update.win32_2.0.0.202105311346/tools/bin/../lib/gcc/arm-none-eabi/9.3.1/thumb/v7e-m+fp/hard\libgcc.a(_aeabi_uldivmod.o)
                0x00000000080001e8                __aeabi_uldivmod
 .text          0x0000000008000218      0x2c4 c:/st/stm32cubeide_1.8.0/stm32cubeide/plugins/com.st.stm32cube.ide.mcu.externaltools.gnu-tools-for-stm32.9-2020-q2-update.win32_2.0.0.202105311346/tools/bin/../lib/gcc/arm-none-eabi/9.3.1/thumb/v7e-m+fp/hard\libgcc.a(_udivmoddi4.o)
                0x0000000008000218                __udivmoddi4
 .text          0x00000000080004dc        0x4 c:/st/stm32cubeide_1.8.0/stm32cubeide/plugins/com.st.stm32cube.ide.mcu.externaltools.gnu-tools-for-stm32.9-2020-q2-update.win32_2.0.0.202105311346/tools/bin/../lib/gcc/arm-none-eabi/9.3.1/thumb/v7e-m+fp/hard\libgcc.a(_dvmd_tls.o)
                0x00000000080004dc                __aeabi_idiv0
                0x00000000080004dc                __aeabi_ldiv0
 *(.text*)
 .text._ZNSt12_Base_bitsetILj1EEC2Ey
                0x00000000080004e0       0x20 ./Src/gpio.o
                0x00000000080004e0                std::_Base_bitset<1u>::_Base_bitset(unsigned long long)
                0x00000000080004e0                std::_Base_bitset<1u>::_Base_bitset(unsigned long long)
 .text._ZNSt12_Base_bitsetILj1EE11_S_whichbitEj
                0x0000000008000500       0x1a ./Src/gpio.o
                0x0000000008000500                std::_Base_bitset<1u>::_S_whichbit(unsigned int)
 .text._ZNSt12_Base_bitsetILj1EE10_S_maskbitEj
                0x000000000800051a       0x1e ./Src/gpio.o
                0x000000000800051a                std::_Base_bitset<1u>::_S_maskbit(unsigned int)
 .text._ZNSt12_Base_bitsetILj1EE10_M_getwordEj
                0x0000000008000538       0x18 ./Src/gpio.o
                0x0000000008000538                std::_Base_bitset<1u>::_M_getword(unsigned int)
 .text._ZNSt12_Base_bitsetILj1EE8_M_do_orERKS0_
                0x0000000008000550       0x24 ./Src/gpio.o
                0x0000000008000550                std::_Base_bitset<1u>::_M_do_or(std::_Base_bitset<1u> const&)
 .text._ZN4GPIO12ClockControlEb
                0x0000000008000574       0xc0 ./Src/gpio.o
                0x0000000008000574                GPIO::ClockControl(bool)
 .text._ZN4GPIO6DeInitEv
                0x0000000008000634       0xc0 ./Src/gpio.o
                0x0000000008000634                GPIO::DeInit()
 .text._ZN4GPIO4InitEhh
                0x00000000080006f4       0xc6 ./Src/gpio.o
                0x00000000080006f4                GPIO::Init(unsigned char, unsigned char)
 .text._ZN4GPIO7ReadPinEv
                0x00000000080007ba       0x42 ./Src/gpio.o
                0x00000000080007ba                GPIO::ReadPin()
 .text._ZNSt6bitsetILj32EEixEj
                0x00000000080007fc       0x1e ./Src/gpio.o
                0x00000000080007fc                std::bitset<32u>::operator[](unsigned int)
 .text._ZNSt6bitsetILj32EE9referenceD2Ev
                0x000000000800081a       0x16 ./Src/gpio.o
                0x000000000800081a                std::bitset<32u>::reference::~reference()
                0x000000000800081a                std::bitset<32u>::reference::~reference()
 .text._ZNSt6bitsetILj32EEC2Ey
                0x0000000008000830       0x2a ./Src/gpio.o
                0x0000000008000830                std::bitset<32u>::bitset(unsigned long long)
                0x0000000008000830                std::bitset<32u>::bitset(unsigned long long)
 .text._ZNSt6bitsetILj32EEoRERKS0_
                0x000000000800085a       0x20 ./Src/gpio.o
                0x000000000800085a                std::bitset<32u>::operator|=(std::bitset<32u> const&)
 *fill*         0x000000000800087a        0x2 
 .text._ZNSt6bitsetILj32EE3setEjb
                0x000000000800087c       0x34 ./Src/gpio.o
                0x000000000800087c                std::bitset<32u>::set(unsigned int, bool)
 .text._ZNKSt6bitsetILj32EE9referencecvbEv
                0x00000000080008b0       0x2e ./Src/gpio.o
                0x00000000080008b0                std::bitset<32u>::reference::operator bool() const
 .text._ZNSt6bitsetILj32EE9referenceC2ERS0_j
                0x00000000080008de       0x32 ./Src/gpio.o
                0x00000000080008de                std::bitset<32u>::reference::reference(std::bitset<32u>&, unsigned int)
                0x00000000080008de                std::bitset<32u>::reference::reference(std::bitset<32u>&, unsigned int)
 .text._ZNSt13_Sanitize_valILj32ELb1EE18_S_do_sanitize_valEy
                0x0000000008000910       0x2e ./Src/gpio.o
                0x0000000008000910                std::_Sanitize_val<32u, true>::_S_do_sanitize_val(unsigned long long)
 *fill*         0x000000000800093e        0x2 
 .text._ZNKSt6bitsetILj32EE8_M_checkEjPKc
                0x0000000008000940       0x2c ./Src/gpio.o
                0x0000000008000940                std::bitset<32u>::_M_check(unsigned int, char const*) const
 .text._ZNSt6bitsetILj32EE14_Unchecked_setEji
                0x000000000800096c       0x54 ./Src/gpio.o
                0x000000000800096c                std::bitset<32u>::_Unchecked_set(unsigned int, int)
 .text._ZNKSt12_Base_bitsetILj1EE14_M_do_to_ulongEv
                0x00000000080009c0       0x18 ./Src/i2c.o
                0x00000000080009c0                std::_Base_bitset<1u>::_M_do_to_ulong() const
 .text._ZNSt6bitsetILj32EE5resetEj
                0x00000000080009d8       0x2c ./Src/i2c.o
                0x00000000080009d8                std::bitset<32u>::reset(unsigned int)
 .text._ZNKSt6bitsetILj32EE8to_ulongEv
                0x0000000008000a04       0x1a ./Src/i2c.o
                0x0000000008000a04                std::bitset<32u>::to_ulong() const
 .text._ZNSt6bitsetILj32EE16_Unchecked_resetEj
                0x0000000008000a1e       0x30 ./Src/i2c.o
                0x0000000008000a1e                std::bitset<32u>::_Unchecked_reset(unsigned int)
 *fill*         0x0000000008000a4e        0x2 
 .text._Z11GetPLLClockv
                0x0000000008000a50      0x1f4 ./Src/rcc.o
                0x0000000008000a50                GetPLLClock()
 .text._Z15GetSysClockFreqv
                0x0000000008000c44       0x50 ./Src/rcc.o
                0x0000000008000c44                GetSysClockFreq()
 .text._Z9GetHClockv
                0x0000000008000c94       0x38 ./Src/rcc.o
                0x0000000008000c94                GetHClock()
 .text._Z10GetPClock1v
                0x0000000008000ccc       0x38 ./Src/rcc.o
                0x0000000008000ccc                GetPClock1()
 .text._Z10GetPClock2v
                0x0000000008000d04       0x38 ./Src/rcc.o
                0x0000000008000d04                GetPClock2()
 .text._getpid  0x0000000008000d3c       0x10 ./Src/syscalls.o
                0x0000000008000d3c                _getpid
 .text._kill    0x0000000008000d4c       0x20 ./Src/syscalls.o
                0x0000000008000d4c                _kill
 .text._exit    0x0000000008000d6c       0x14 ./Src/syscalls.o
                0x0000000008000d6c                _exit
 .text._ZN5USART12ClockControlEb
                0x0000000008000d80       0x7c ./Src/usart.o
                0x0000000008000d80                USART::ClockControl(bool)
 .text._ZN5USART6DeInitEv
                0x0000000008000dfc       0x78 ./Src/usart.o
                0x0000000008000dfc                USART::DeInit()
 .text._ZN5USART4InitEhhhhhm
                0x0000000008000e74      0x11c ./Src/usart.o
                0x0000000008000e74                USART::Init(unsigned char, unsigned char, unsigned char, unsigned char, unsigned char, unsigned long)
 .text._ZN5USART8TransmitEPhh
                0x0000000008000f90      0x138 ./Src/usart.o
                0x0000000008000f90                USART::Transmit(unsigned char*, unsigned char)
 .text._ZN5USART11SetBaudRateEm
                0x00000000080010c8      0x144 ./Src/usart.o
                0x00000000080010c8                USART::SetBaudRate(unsigned long)
 .text._ZN3APII6GPIO_tEC2Ev
                0x000000000800120c       0x20 ./Src/usart_demo.o
                0x000000000800120c                API<GPIO_t>::API()
                0x000000000800120c                API<GPIO_t>::API()
 .text._ZN4GPIOC2EP6GPIO_th
                0x000000000800122c       0x38 ./Src/usart_demo.o
                0x000000000800122c                GPIO::GPIO(GPIO_t*, unsigned char)
                0x000000000800122c                GPIO::GPIO(GPIO_t*, unsigned char)
 .text._ZN4GPIOD2Ev
                0x0000000008001264       0x24 ./Src/usart_demo.o
                0x0000000008001264                GPIO::~GPIO()
                0x0000000008001264                GPIO::~GPIO()
 .text._ZN4GPIO7setModeEhh
                0x0000000008001288       0x66 ./Src/usart_demo.o
                0x0000000008001288                GPIO::setMode(unsigned char, unsigned char)
 .text._ZN4GPIO7setModeEh
                0x00000000080012ee       0x1e ./Src/usart_demo.o
                0x00000000080012ee                GPIO::setMode(unsigned char)
 .text._ZN3APII7USART_tEC2Ev
                0x000000000800130c       0x20 ./Src/usart_demo.o
                0x000000000800130c                API<USART_t>::API()
                0x000000000800130c                API<USART_t>::API()
 .text._ZN5USARTC2EP7USART_t
                0x000000000800132c       0x2c ./Src/usart_demo.o
                0x000000000800132c                USART::USART(USART_t*)
                0x000000000800132c                USART::USART(USART_t*)
 .text._ZN5USARTD2Ev
                0x0000000008001358       0x24 ./Src/usart_demo.o
                0x0000000008001358                USART::~USART()
                0x0000000008001358                USART::~USART()
 .text._ZN3APII6GPIO_tEC2ERKS1_
                0x000000000800137c       0x2c ./Src/usart_demo.o
                0x000000000800137c                API<GPIO_t>::API(API<GPIO_t> const&)
                0x000000000800137c                API<GPIO_t>::API(API<GPIO_t> const&)
 .text._ZN4GPIOC2ERKS_
                0x00000000080013a8       0x64 ./Src/usart_demo.o
                0x00000000080013a8                GPIO::GPIO(GPIO const&)
                0x00000000080013a8                GPIO::GPIO(GPIO const&)
 .text.main     0x000000000800140c       0x8c ./Src/usart_demo.o
                0x000000000800140c                main
 .text._Z9GPIO_Initv
                0x0000000008001498      0x110 ./Src/usart_demo.o
                0x0000000008001498                GPIO_Init()
 .text._Z16GPIO_Button_Init4GPIO
                0x00000000080015a8       0x22 ./Src/usart_demo.o
                0x00000000080015a8                GPIO_Button_Init(GPIO)
 *fill*         0x00000000080015ca        0x2 
 .text._Z10USART_Initv
                0x00000000080015cc       0x2c ./Src/usart_demo.o
                0x00000000080015cc                USART_Init()
 .text._Z41__static_initialization_and_destruction_0ii
                0x00000000080015f8       0x48 ./Src/usart_demo.o
 .text._GLOBAL__sub_I_usart2
                0x0000000008001640       0x10 ./Src/usart_demo.o
 .text._GLOBAL__sub_D_usart2
                0x0000000008001650       0x10 ./Src/usart_demo.o
 .text.Reset_Handler
                0x0000000008001660       0x50 ./Startup/startup_stm32f411retx.o
                0x0000000008001660                Reset_Handler
 .text.Default_Handler
                0x00000000080016b0        0x2 ./Startup/startup_stm32f411retx.o
                0x00000000080016b0                RTC_Alarm_IRQHandler
                0x00000000080016b0                EXTI2_IRQHandler
                0x00000000080016b0                DebugMon_Handler
                0x00000000080016b0                SPI4_IRQHandler
                0x00000000080016b0                TIM1_CC_IRQHandler
                0x00000000080016b0                DMA2_Stream5_IRQHandler
                0x00000000080016b0                HardFault_Handler
                0x00000000080016b0                DMA1_Stream5_IRQHandler
                0x00000000080016b0                SysTick_Handler
                0x00000000080016b0                PVD_IRQHandler
                0x00000000080016b0                SDIO_IRQHandler
                0x00000000080016b0                TAMP_STAMP_IRQHandler
                0x00000000080016b0                PendSV_Handler
                0x00000000080016b0                NMI_Handler
                0x00000000080016b0                EXTI3_IRQHandler
                0x00000000080016b0                TIM1_UP_TIM10_IRQHandler
                0x00000000080016b0                I2C3_ER_IRQHandler
                0x00000000080016b0                EXTI0_IRQHandler
                0x00000000080016b0                I2C2_EV_IRQHandler
                0x00000000080016b0                DMA1_Stream2_IRQHandler
                0x00000000080016b0                FPU_IRQHandler
                0x00000000080016b0                UsageFault_Handler
                0x00000000080016b0                DMA2_Stream2_IRQHandler
                0x00000000080016b0                SPI1_IRQHandler
                0x00000000080016b0                TIM1_BRK_TIM9_IRQHandler
                0x00000000080016b0                DMA2_Stream3_IRQHandler
                0x00000000080016b0                USART6_IRQHandler
                0x00000000080016b0                DMA2_Stream0_IRQHandler
                0x00000000080016b0                TIM4_IRQHandler
                0x00000000080016b0                I2C1_EV_IRQHandler
                0x00000000080016b0                DMA1_Stream6_IRQHandler
                0x00000000080016b0                DMA1_Stream1_IRQHandler
                0x00000000080016b0                TIM3_IRQHandler
                0x00000000080016b0                RCC_IRQHandler
                0x00000000080016b0                Default_Handler
                0x00000000080016b0                EXTI15_10_IRQHandler
                0x00000000080016b0                ADC_IRQHandler
                0x00000000080016b0                DMA1_Stream7_IRQHandler
                0x00000000080016b0                SPI5_IRQHandler
                0x00000000080016b0                TIM5_IRQHandler
                0x00000000080016b0                DMA2_Stream7_IRQHandler
                0x00000000080016b0                I2C3_EV_IRQHandler
                0x00000000080016b0                EXTI9_5_IRQHandler
                0x00000000080016b0                RTC_WKUP_IRQHandler
                0x00000000080016b0                SPI2_IRQHandler
                0x00000000080016b0                MemManage_Handler
                0x00000000080016b0                DMA1_Stream0_IRQHandler
                0x00000000080016b0                SVC_Handler
                0x00000000080016b0                EXTI4_IRQHandler
                0x00000000080016b0                WWDG_IRQHandler
                0x00000000080016b0                TIM2_IRQHandler
                0x00000000080016b0                OTG_FS_WKUP_IRQHandler
                0x00000000080016b0                TIM1_TRG_COM_TIM11_IRQHandler
                0x00000000080016b0                EXTI1_IRQHandler
                0x00000000080016b0                USART2_IRQHandler
                0x00000000080016b0                I2C2_ER_IRQHandler
                0x00000000080016b0                DMA2_Stream1_IRQHandler
                0x00000000080016b0                FLASH_IRQHandler
                0x00000000080016b0                DMA2_Stream4_IRQHandler
                0x00000000080016b0                BusFault_Handler
                0x00000000080016b0                USART1_IRQHandler
                0x00000000080016b0                OTG_FS_IRQHandler
                0x00000000080016b0                SPI3_IRQHandler
                0x00000000080016b0                DMA1_Stream4_IRQHandler
                0x00000000080016b0                I2C1_ER_IRQHandler
                0x00000000080016b0                DMA2_Stream6_IRQHandler
                0x00000000080016b0                DMA1_Stream3_IRQHandler
 .text._ZdlPvj  0x00000000080016b2        0x4 c:/st/stm32cubeide_1.8.0/stm32cubeide/plugins/com.st.stm32cube.ide.mcu.externaltools.gnu-tools-for-stm32.9-2020-q2-update.win32_2.0.0.202105311346/tools/bin/../lib/gcc/arm-none-eabi/9.3.1/../../../../arm-none-eabi/lib/thumb/v7e-m+fp/hard\libstdc++_nano.a(del_ops.o)
                0x00000000080016b2                operator delete(void*, unsigned int)
 .text._ZdaPv   0x00000000080016b6        0x4 c:/st/stm32cubeide_1.8.0/stm32cubeide/plugins/com.st.stm32cube.ide.mcu.externaltools.gnu-tools-for-stm32.9-2020-q2-update.win32_2.0.0.202105311346/tools/bin/../lib/gcc/arm-none-eabi/9.3.1/../../../../arm-none-eabi/lib/thumb/v7e-m+fp/hard\libstdc++_nano.a(del_opv.o)
                0x00000000080016b6                operator delete[](void*)
 .text.__cxa_pure_virtual
                0x00000000080016ba        0x6 c:/st/stm32cubeide_1.8.0/stm32cubeide/plugins/com.st.stm32cube.ide.mcu.externaltools.gnu-tools-for-stm32.9-2020-q2-update.win32_2.0.0.202105311346/tools/bin/../lib/gcc/arm-none-eabi/9.3.1/../../../../arm-none-eabi/lib/thumb/v7e-m+fp/hard\libstdc++_nano.a(pure.o)
                0x00000000080016ba                __cxa_pure_virtual
 .text.unlikely._ZSt19__throw_logic_errorPKc
                0x00000000080016c0        0x6 c:/st/stm32cubeide_1.8.0/stm32cubeide/plugins/com.st.stm32cube.ide.mcu.externaltools.gnu-tools-for-stm32.9-2020-q2-update.win32_2.0.0.202105311346/tools/bin/../lib/gcc/arm-none-eabi/9.3.1/../../../../arm-none-eabi/lib/thumb/v7e-m+fp/hard\libstdc++_nano.a(functexcept.o)
                0x00000000080016c0                std::__throw_logic_error(char const*)
 .text._ZSt24__throw_out_of_range_fmtPKcz
                0x00000000080016c6       0x38 c:/st/stm32cubeide_1.8.0/stm32cubeide/plugins/com.st.stm32cube.ide.mcu.externaltools.gnu-tools-for-stm32.9-2020-q2-update.win32_2.0.0.202105311346/tools/bin/../lib/gcc/arm-none-eabi/9.3.1/../../../../arm-none-eabi/lib/thumb/v7e-m+fp/hard\libstdc++_nano.a(functexcept.o)
                0x00000000080016c6                std::__throw_out_of_range_fmt(char const*, ...)
 *fill*         0x00000000080016fe        0x2 
 .text._ZN9__gnu_cxx26__throw_insufficient_spaceEPKcS1_
                0x0000000008001700       0x4c c:/st/stm32cubeide_1.8.0/stm32cubeide/plugins/com.st.stm32cube.ide.mcu.externaltools.gnu-tools-for-stm32.9-2020-q2-update.win32_2.0.0.202105311346/tools/bin/../lib/gcc/arm-none-eabi/9.3.1/../../../../arm-none-eabi/lib/thumb/v7e-m+fp/hard\libstdc++_nano.a(snprintf_lite.o)
                0x0000000008001700                __gnu_cxx::__throw_insufficient_space(char const*, char const*)
 .text._ZN9__gnu_cxx15__concat_size_tEPcjj
                0x000000000800174c       0x58 c:/st/stm32cubeide_1.8.0/stm32cubeide/plugins/com.st.stm32cube.ide.mcu.externaltools.gnu-tools-for-stm32.9-2020-q2-update.win32_2.0.0.202105311346/tools/bin/../lib/gcc/arm-none-eabi/9.3.1/../../../../arm-none-eabi/lib/thumb/v7e-m+fp/hard\libstdc++_nano.a(snprintf_lite.o)
                0x000000000800174c                __gnu_cxx::__concat_size_t(char*, unsigned int, unsigned int)
 .text._ZN9__gnu_cxx15__snprintf_liteEPcjPKcSt9__va_list
                0x00000000080017a4       0x82 c:/st/stm32cubeide_1.8.0/stm32cubeide/plugins/com.st.stm32cube.ide.mcu.externaltools.gnu-tools-for-stm32.9-2020-q2-update.win32_2.0.0.202105311346/tools/bin/../lib/gcc/arm-none-eabi/9.3.1/../../../../arm-none-eabi/lib/thumb/v7e-m+fp/hard\libstdc++_nano.a(snprintf_lite.o)
                0x00000000080017a4                __gnu_cxx::__snprintf_lite(char*, unsigned int, char const*, std::__va_list)
 .text._ZdlPv   0x0000000008001826        0x4 c:/st/stm32cubeide_1.8.0/stm32cubeide/plugins/com.st.stm32cube.ide.mcu.externaltools.gnu-tools-for-stm32.9-2020-q2-update.win32_2.0.0.202105311346/tools/bin/../lib/gcc/arm-none-eabi/9.3.1/../../../../arm-none-eabi/lib/thumb/v7e-m+fp/hard\libstdc++_nano.a(del_op.o)
                0x0000000008001826                operator delete(void*)
 .text._ZN10__cxxabiv111__terminateEPFvvE
                0x000000000800182a        0x8 c:/st/stm32cubeide_1.8.0/stm32cubeide/plugins/com.st.stm32cube.ide.mcu.externaltools.gnu-tools-for-stm32.9-2020-q2-update.win32_2.0.0.202105311346/tools/bin/../lib/gcc/arm-none-eabi/9.3.1/../../../../arm-none-eabi/lib/thumb/v7e-m+fp/hard\libstdc++_nano.a(eh_terminate.o)
                0x000000000800182a                __cxxabiv1::__terminate(void (*)())
 *fill*         0x0000000008001832        0x2 
 .text._ZSt13get_terminatev
                0x0000000008001834       0x10 c:/st/stm32cubeide_1.8.0/stm32cubeide/plugins/com.st.stm32cube.ide.mcu.externaltools.gnu-tools-for-stm32.9-2020-q2-update.win32_2.0.0.202105311346/tools/bin/../lib/gcc/arm-none-eabi/9.3.1/../../../../arm-none-eabi/lib/thumb/v7e-m+fp/hard\libstdc++_nano.a(eh_terminate.o)
                0x0000000008001834                std::get_terminate()
 .text._ZSt9terminatev
                0x0000000008001844        0xa c:/st/stm32cubeide_1.8.0/stm32cubeide/plugins/com.st.stm32cube.ide.mcu.externaltools.gnu-tools-for-stm32.9-2020-q2-update.win32_2.0.0.202105311346/tools/bin/../lib/gcc/arm-none-eabi/9.3.1/../../../../arm-none-eabi/lib/thumb/v7e-m+fp/hard\libstdc++_nano.a(eh_terminate.o)
                0x0000000008001844                std::terminate()
 .text.abort    0x000000000800184e        0xe c:/st/stm32cubeide_1.8.0/stm32cubeide/plugins/com.st.stm32cube.ide.mcu.externaltools.gnu-tools-for-stm32.9-2020-q2-update.win32_2.0.0.202105311346/tools/bin/../lib/gcc/arm-none-eabi/9.3.1/../../../../arm-none-eabi/lib/thumb/v7e-m+fp/hard\libc_nano.a(lib_a-abort.o)
                0x000000000800184e                abort
 .text.__errno  0x000000000800185c        0xc c:/st/stm32cubeide_1.8.0/stm32cubeide/plugins/com.st.stm32cube.ide.mcu.externaltools.gnu-tools-for-stm32.9-2020-q2-update.win32_2.0.0.202105311346/tools/bin/../lib/gcc/arm-none-eabi/9.3.1/../../../../arm-none-eabi/lib/thumb/v7e-m+fp/hard\libc_nano.a(lib_a-errno.o)
                0x000000000800185c                __errno
 .text.__libc_init_array
                0x0000000008001868       0x48 c:/st/stm32cubeide_1.8.0/stm32cubeide/plugins/com.st.stm32cube.ide.mcu.externaltools.gnu-tools-for-stm32.9-2020-q2-update.win32_2.0.0.202105311346/tools/bin/../lib/gcc/arm-none-eabi/9.3.1/../../../../arm-none-eabi/lib/thumb/v7e-m+fp/hard\libc_nano.a(lib_a-init.o)
                0x0000000008001868                __libc_init_array
 .text.free     0x00000000080018b0       0x10 c:/st/stm32cubeide_1.8.0/stm32cubeide/plugins/com.st.stm32cube.ide.mcu.externaltools.gnu-tools-for-stm32.9-2020-q2-update.win32_2.0.0.202105311346/tools/bin/../lib/gcc/arm-none-eabi/9.3.1/../../../../arm-none-eabi/lib/thumb/v7e-m+fp/hard\libc_nano.a(lib_a-malloc.o)
                0x00000000080018b0                free
 .text.memcpy   0x00000000080018c0       0x1c c:/st/stm32cubeide_1.8.0/stm32cubeide/plugins/com.st.stm32cube.ide.mcu.externaltools.gnu-tools-for-stm32.9-2020-q2-update.win32_2.0.0.202105311346/tools/bin/../lib/gcc/arm-none-eabi/9.3.1/../../../../arm-none-eabi/lib/thumb/v7e-m+fp/hard\libc_nano.a(lib_a-memcpy-stub.o)
                0x00000000080018c0                memcpy
 .text._free_r  0x00000000080018dc       0xa0 c:/st/stm32cubeide_1.8.0/stm32cubeide/plugins/com.st.stm32cube.ide.mcu.externaltools.gnu-tools-for-stm32.9-2020-q2-update.win32_2.0.0.202105311346/tools/bin/../lib/gcc/arm-none-eabi/9.3.1/../../../../arm-none-eabi/lib/thumb/v7e-m+fp/hard\libc_nano.a(lib_a-nano-freer.o)
                0x00000000080018dc                _free_r
 .text._raise_r
                0x000000000800197c       0x50 c:/st/stm32cubeide_1.8.0/stm32cubeide/plugins/com.st.stm32cube.ide.mcu.externaltools.gnu-tools-for-stm32.9-2020-q2-update.win32_2.0.0.202105311346/tools/bin/../lib/gcc/arm-none-eabi/9.3.1/../../../../arm-none-eabi/lib/thumb/v7e-m+fp/hard\libc_nano.a(lib_a-signal.o)
                0x000000000800197c                _raise_r
 .text.raise    0x00000000080019cc       0x10 c:/st/stm32cubeide_1.8.0/stm32cubeide/plugins/com.st.stm32cube.ide.mcu.externaltools.gnu-tools-for-stm32.9-2020-q2-update.win32_2.0.0.202105311346/tools/bin/../lib/gcc/arm-none-eabi/9.3.1/../../../../arm-none-eabi/lib/thumb/v7e-m+fp/hard\libc_nano.a(lib_a-signal.o)
                0x00000000080019cc                raise
 .text._kill_r  0x00000000080019dc       0x24 c:/st/stm32cubeide_1.8.0/stm32cubeide/plugins/com.st.stm32cube.ide.mcu.externaltools.gnu-tools-for-stm32.9-2020-q2-update.win32_2.0.0.202105311346/tools/bin/../lib/gcc/arm-none-eabi/9.3.1/../../../../arm-none-eabi/lib/thumb/v7e-m+fp/hard\libc_nano.a(lib_a-signalr.o)
                0x00000000080019dc                _kill_r
 .text._getpid_r
                0x0000000008001a00        0x4 c:/st/stm32cubeide_1.8.0/stm32cubeide/plugins/com.st.stm32cube.ide.mcu.externaltools.gnu-tools-for-stm32.9-2020-q2-update.win32_2.0.0.202105311346/tools/bin/../lib/gcc/arm-none-eabi/9.3.1/../../../../arm-none-eabi/lib/thumb/v7e-m+fp/hard\libc_nano.a(lib_a-signalr.o)
                0x0000000008001a00                _getpid_r
 .text.__malloc_lock
                0x0000000008001a04        0xc c:/st/stm32cubeide_1.8.0/stm32cubeide/plugins/com.st.stm32cube.ide.mcu.externaltools.gnu-tools-for-stm32.9-2020-q2-update.win32_2.0.0.202105311346/tools/bin/../lib/gcc/arm-none-eabi/9.3.1/../../../../arm-none-eabi/lib/thumb/v7e-m+fp/hard\libc_nano.a(lib_a-mlock.o)
                0x0000000008001a04                __malloc_lock
 .text.__malloc_unlock
                0x0000000008001a10        0xc c:/st/stm32cubeide_1.8.0/stm32cubeide/plugins/com.st.stm32cube.ide.mcu.externaltools.gnu-tools-for-stm32.9-2020-q2-update.win32_2.0.0.202105311346/tools/bin/../lib/gcc/arm-none-eabi/9.3.1/../../../../arm-none-eabi/lib/thumb/v7e-m+fp/hard\libc_nano.a(lib_a-mlock.o)
                0x0000000008001a10                __malloc_unlock
 .text.__retarget_lock_acquire_recursive
                0x0000000008001a1c        0x2 c:/st/stm32cubeide_1.8.0/stm32cubeide/plugins/com.st.stm32cube.ide.mcu.externaltools.gnu-tools-for-stm32.9-2020-q2-update.win32_2.0.0.202105311346/tools/bin/../lib/gcc/arm-none-eabi/9.3.1/../../../../arm-none-eabi/lib/thumb/v7e-m+fp/hard\libc_nano.a(lib_a-lock.o)
                0x0000000008001a1c                __retarget_lock_acquire_recursive
 .text.__retarget_lock_release_recursive
                0x0000000008001a1e        0x2 c:/st/stm32cubeide_1.8.0/stm32cubeide/plugins/com.st.stm32cube.ide.mcu.externaltools.gnu-tools-for-stm32.9-2020-q2-update.win32_2.0.0.202105311346/tools/bin/../lib/gcc/arm-none-eabi/9.3.1/../../../../arm-none-eabi/lib/thumb/v7e-m+fp/hard\libc_nano.a(lib_a-lock.o)
                0x0000000008001a1e                __retarget_lock_release_recursive
 *(.glue_7)
 .glue_7        0x0000000008001a20        0x0 linker stubs
 *(.glue_7t)
 .glue_7t       0x0000000008001a20        0x0 linker stubs
 *(.eh_frame)
 .eh_frame      0x0000000008001a20        0x0 c:/st/stm32cubeide_1.8.0/stm32cubeide/plugins/com.st.stm32cube.ide.mcu.externaltools.gnu-tools-for-stm32.9-2020-q2-update.win32_2.0.0.202105311346/tools/bin/../lib/gcc/arm-none-eabi/9.3.1/thumb/v7e-m+fp/hard/crtbegin.o
 *(.init)
 .init          0x0000000008001a20        0x4 c:/st/stm32cubeide_1.8.0/stm32cubeide/plugins/com.st.stm32cube.ide.mcu.externaltools.gnu-tools-for-stm32.9-2020-q2-update.win32_2.0.0.202105311346/tools/bin/../lib/gcc/arm-none-eabi/9.3.1/thumb/v7e-m+fp/hard/crti.o
                0x0000000008001a20                _init
 .init          0x0000000008001a24        0x8 c:/st/stm32cubeide_1.8.0/stm32cubeide/plugins/com.st.stm32cube.ide.mcu.externaltools.gnu-tools-for-stm32.9-2020-q2-update.win32_2.0.0.202105311346/tools/bin/../lib/gcc/arm-none-eabi/9.3.1/thumb/v7e-m+fp/hard/crtn.o
 *(.fini)
 .fini          0x0000000008001a2c        0x4 c:/st/stm32cubeide_1.8.0/stm32cubeide/plugins/com.st.stm32cube.ide.mcu.externaltools.gnu-tools-for-stm32.9-2020-q2-update.win32_2.0.0.202105311346/tools/bin/../lib/gcc/arm-none-eabi/9.3.1/thumb/v7e-m+fp/hard/crti.o
                0x0000000008001a2c                _fini
 .fini          0x0000000008001a30        0x8 c:/st/stm32cubeide_1.8.0/stm32cubeide/plugins/com.st.stm32cube.ide.mcu.externaltools.gnu-tools-for-stm32.9-2020-q2-update.win32_2.0.0.202105311346/tools/bin/../lib/gcc/arm-none-eabi/9.3.1/thumb/v7e-m+fp/hard/crtn.o
                0x0000000008001a38                . = ALIGN (0x4)
                0x0000000008001a38                _etext = .

.vfp11_veneer   0x0000000008001a38        0x0
 .vfp11_veneer  0x0000000008001a38        0x0 linker stubs

.v4_bx          0x0000000008001a38        0x0
 .v4_bx         0x0000000008001a38        0x0 linker stubs

.iplt           0x0000000008001a38        0x0
 .iplt          0x0000000008001a38        0x0 c:/st/stm32cubeide_1.8.0/stm32cubeide/plugins/com.st.stm32cube.ide.mcu.externaltools.gnu-tools-for-stm32.9-2020-q2-update.win32_2.0.0.202105311346/tools/bin/../lib/gcc/arm-none-eabi/9.3.1/thumb/v7e-m+fp/hard/crtbegin.o

.rodata         0x0000000008001a38      0x17c
                0x0000000008001a38                . = ALIGN (0x4)
 *(.rodata)
 .rodata        0x0000000008001a38       0x50 ./Src/gpio.o
 .rodata        0x0000000008001a88       0x50 ./Src/i2c.o
 .rodata        0x0000000008001ad8        0xf ./Src/usart_demo.o
 *(.rodata*)
 *fill*         0x0000000008001ae7        0x1 
 .rodata._ZTV4GPIO
                0x0000000008001ae8       0x10 ./Src/gpio.o
                0x0000000008001ae8                vtable for GPIO
 .rodata._ZL13AHBPrescTable
                0x0000000008001af8       0x10 ./Src/rcc.o
 .rodata._ZL13APBPrescTable
                0x0000000008001b08        0x8 ./Src/rcc.o
 .rodata._ZTV5USART
                0x0000000008001b10       0x10 ./Src/usart.o
                0x0000000008001b10                vtable for USART
 .rodata._ZTV3APII7USART_tE
                0x0000000008001b20       0x10 ./Src/usart_demo.o
                0x0000000008001b20                vtable for API<USART_t>
 .rodata._ZTV3APII6GPIO_tE
                0x0000000008001b30       0x10 ./Src/usart_demo.o
                0x0000000008001b30                vtable for API<GPIO_t>
 .rodata._ZN9__gnu_cxx26__throw_insufficient_spaceEPKcS1_.str1.1
                0x0000000008001b40       0x69 c:/st/stm32cubeide_1.8.0/stm32cubeide/plugins/com.st.stm32cube.ide.mcu.externaltools.gnu-tools-for-stm32.9-2020-q2-update.win32_2.0.0.202105311346/tools/bin/../lib/gcc/arm-none-eabi/9.3.1/../../../../arm-none-eabi/lib/thumb/v7e-m+fp/hard\libstdc++_nano.a(snprintf_lite.o)
 .rodata._ZN9__gnu_cxx15__concat_size_tEPcjj.str1.1
                0x0000000008001ba9        0xb c:/st/stm32cubeide_1.8.0/stm32cubeide/plugins/com.st.stm32cube.ide.mcu.externaltools.gnu-tools-for-stm32.9-2020-q2-update.win32_2.0.0.202105311346/tools/bin/../lib/gcc/arm-none-eabi/9.3.1/../../../../arm-none-eabi/lib/thumb/v7e-m+fp/hard\libstdc++_nano.a(snprintf_lite.o)
                0x0000000008001bb4                . = ALIGN (0x4)

.ARM.extab      0x0000000008001bb4        0x0
                0x0000000008001bb4                . = ALIGN (0x4)
 *(.ARM.extab* .gnu.linkonce.armextab.*)
                0x0000000008001bb4                . = ALIGN (0x4)

.ARM            0x0000000008001bb4        0x8
                0x0000000008001bb4                . = ALIGN (0x4)
                0x0000000008001bb4                __exidx_start = .
 *(.ARM.exidx*)
 .ARM.exidx     0x0000000008001bb4        0x8 c:/st/stm32cubeide_1.8.0/stm32cubeide/plugins/com.st.stm32cube.ide.mcu.externaltools.gnu-tools-for-stm32.9-2020-q2-update.win32_2.0.0.202105311346/tools/bin/../lib/gcc/arm-none-eabi/9.3.1/thumb/v7e-m+fp/hard\libgcc.a(_udivmoddi4.o)
                0x0000000008001bbc                __exidx_end = .
                0x0000000008001bbc                . = ALIGN (0x4)

.rel.dyn        0x0000000008001bbc        0x0
 .rel.iplt      0x0000000008001bbc        0x0 c:/st/stm32cubeide_1.8.0/stm32cubeide/plugins/com.st.stm32cube.ide.mcu.externaltools.gnu-tools-for-stm32.9-2020-q2-update.win32_2.0.0.202105311346/tools/bin/../lib/gcc/arm-none-eabi/9.3.1/thumb/v7e-m+fp/hard/crtbegin.o

.preinit_array  0x0000000008001bbc        0x0
                0x0000000008001bbc                . = ALIGN (0x4)
                0x0000000008001bbc                PROVIDE (__preinit_array_start = .)
 *(.preinit_array*)
                0x0000000008001bbc                PROVIDE (__preinit_array_end = .)
                0x0000000008001bbc                . = ALIGN (0x4)

.init_array     0x0000000008001bbc        0x8
                0x0000000008001bbc                . = ALIGN (0x4)
                0x0000000008001bbc                PROVIDE (__init_array_start = .)
 *(SORT_BY_NAME(.init_array.*))
 *(.init_array*)
 .init_array    0x0000000008001bbc        0x4 c:/st/stm32cubeide_1.8.0/stm32cubeide/plugins/com.st.stm32cube.ide.mcu.externaltools.gnu-tools-for-stm32.9-2020-q2-update.win32_2.0.0.202105311346/tools/bin/../lib/gcc/arm-none-eabi/9.3.1/thumb/v7e-m+fp/hard/crtbegin.o
 .init_array    0x0000000008001bc0        0x4 ./Src/usart_demo.o
                0x0000000008001bc4                PROVIDE (__init_array_end = .)
                0x0000000008001bc4                . = ALIGN (0x4)

.fini_array     0x0000000008001bc4        0x8
                0x0000000008001bc4                . = ALIGN (0x4)
                [!provide]                        PROVIDE (__fini_array_start = .)
 *(SORT_BY_NAME(.fini_array.*))
 *(.fini_array*)
 .fini_array    0x0000000008001bc4        0x4 c:/st/stm32cubeide_1.8.0/stm32cubeide/plugins/com.st.stm32cube.ide.mcu.externaltools.gnu-tools-for-stm32.9-2020-q2-update.win32_2.0.0.202105311346/tools/bin/../lib/gcc/arm-none-eabi/9.3.1/thumb/v7e-m+fp/hard/crtbegin.o
 .fini_array    0x0000000008001bc8        0x4 ./Src/usart_demo.o
                [!provide]                        PROVIDE (__fini_array_end = .)
                0x0000000008001bcc                . = ALIGN (0x4)
                0x0000000008001bcc                _sidata = LOADADDR (.data)

.data           0x0000000020000000       0x68 load address 0x0000000008001bcc
                0x0000000020000000                . = ALIGN (0x4)
                0x0000000020000000                _sdata = .
 *(.data)
 *(.data*)
 .data._ZN10__cxxabiv119__terminate_handlerE
                0x0000000020000000        0x4 c:/st/stm32cubeide_1.8.0/stm32cubeide/plugins/com.st.stm32cube.ide.mcu.externaltools.gnu-tools-for-stm32.9-2020-q2-update.win32_2.0.0.202105311346/tools/bin/../lib/gcc/arm-none-eabi/9.3.1/../../../../arm-none-eabi/lib/thumb/v7e-m+fp/hard\libstdc++_nano.a(eh_term_handler.o)
                0x0000000020000000                __cxxabiv1::__terminate_handler
 .data._impure_ptr
                0x0000000020000004        0x4 c:/st/stm32cubeide_1.8.0/stm32cubeide/plugins/com.st.stm32cube.ide.mcu.externaltools.gnu-tools-for-stm32.9-2020-q2-update.win32_2.0.0.202105311346/tools/bin/../lib/gcc/arm-none-eabi/9.3.1/../../../../arm-none-eabi/lib/thumb/v7e-m+fp/hard\libc_nano.a(lib_a-impure.o)
                0x0000000020000004                _impure_ptr
 .data.impure_data
                0x0000000020000008       0x60 c:/st/stm32cubeide_1.8.0/stm32cubeide/plugins/com.st.stm32cube.ide.mcu.externaltools.gnu-tools-for-stm32.9-2020-q2-update.win32_2.0.0.202105311346/tools/bin/../lib/gcc/arm-none-eabi/9.3.1/../../../../arm-none-eabi/lib/thumb/v7e-m+fp/hard\libc_nano.a(lib_a-impure.o)
 *(.RamFunc)
 *(.RamFunc*)
                0x0000000020000068                . = ALIGN (0x4)
                0x0000000020000068                _edata = .

.igot.plt       0x0000000020000068        0x0 load address 0x0000000008001c34
 .igot.plt      0x0000000020000068        0x0 c:/st/stm32cubeide_1.8.0/stm32cubeide/plugins/com.st.stm32cube.ide.mcu.externaltools.gnu-tools-for-stm32.9-2020-q2-update.win32_2.0.0.202105311346/tools/bin/../lib/gcc/arm-none-eabi/9.3.1/thumb/v7e-m+fp/hard/crtbegin.o
                0x0000000020000068                . = ALIGN (0x4)

.bss            0x0000000020000068       0x54 load address 0x0000000008001c34
                0x0000000020000068                _sbss = .
                0x0000000020000068                __bss_start__ = _sbss
 *(.bss)
 .bss           0x0000000020000068       0x1c c:/st/stm32cubeide_1.8.0/stm32cubeide/plugins/com.st.stm32cube.ide.mcu.externaltools.gnu-tools-for-stm32.9-2020-q2-update.win32_2.0.0.202105311346/tools/bin/../lib/gcc/arm-none-eabi/9.3.1/thumb/v7e-m+fp/hard/crtbegin.o
 *(.bss*)
 .bss.usart2    0x0000000020000084       0x24 ./Src/usart_demo.o
                0x0000000020000084                usart2
 .bss.__malloc_free_list
                0x00000000200000a8        0x4 c:/st/stm32cubeide_1.8.0/stm32cubeide/plugins/com.st.stm32cube.ide.mcu.externaltools.gnu-tools-for-stm32.9-2020-q2-update.win32_2.0.0.202105311346/tools/bin/../lib/gcc/arm-none-eabi/9.3.1/../../../../arm-none-eabi/lib/thumb/v7e-m+fp/hard\libc_nano.a(lib_a-nano-mallocr.o)
                0x00000000200000a8                __malloc_free_list
 *(COMMON)
 COMMON         0x00000000200000ac        0x4 c:/st/stm32cubeide_1.8.0/stm32cubeide/plugins/com.st.stm32cube.ide.mcu.externaltools.gnu-tools-for-stm32.9-2020-q2-update.win32_2.0.0.202105311346/tools/bin/../lib/gcc/arm-none-eabi/9.3.1/../../../../arm-none-eabi/lib/thumb/v7e-m+fp/hard\libc_nano.a(lib_a-reent.o)
                0x00000000200000ac                errno
 COMMON         0x00000000200000b0        0x9 c:/st/stm32cubeide_1.8.0/stm32cubeide/plugins/com.st.stm32cube.ide.mcu.externaltools.gnu-tools-for-stm32.9-2020-q2-update.win32_2.0.0.202105311346/tools/bin/../lib/gcc/arm-none-eabi/9.3.1/../../../../arm-none-eabi/lib/thumb/v7e-m+fp/hard\libc_nano.a(lib_a-lock.o)
                0x00000000200000b0                __lock___atexit_recursive_mutex
                0x00000000200000b1                __lock___arc4random_mutex
                0x00000000200000b2                __lock___env_recursive_mutex
                0x00000000200000b3                __lock___sinit_recursive_mutex
                0x00000000200000b4                __lock___malloc_recursive_mutex
                0x00000000200000b5                __lock___at_quick_exit_mutex
                0x00000000200000b6                __lock___dd_hash_mutex
                0x00000000200000b7                __lock___tz_mutex
                0x00000000200000b8                __lock___sfp_recursive_mutex
                0x00000000200000bc                . = ALIGN (0x4)
 *fill*         0x00000000200000b9        0x3 
                0x00000000200000bc                _ebss = .
                0x00000000200000bc                __bss_end__ = _ebss

._user_heap_stack
                0x00000000200000bc      0x604 load address 0x0000000008001c34
                0x00000000200000c0                . = ALIGN (0x8)
 *fill*         0x00000000200000bc        0x4 
                [!provide]                        PROVIDE (end = .)
                0x00000000200000c0                PROVIDE (_end = .)
                0x00000000200002c0                . = (. + _Min_Heap_Size)
 *fill*         0x00000000200000c0      0x200 
                0x00000000200006c0                . = (. + _Min_Stack_Size)
 *fill*         0x00000000200002c0      0x400 
                0x00000000200006c0                . = ALIGN (0x8)

/DISCARD/
 libc.a(*)
 libm.a(*)
 libgcc.a(*)

.ARM.attributes
                0x0000000000000000       0x30
 *(.ARM.attributes)
 .ARM.attributes
                0x0000000000000000       0x1e c:/st/stm32cubeide_1.8.0/stm32cubeide/plugins/com.st.stm32cube.ide.mcu.externaltools.gnu-tools-for-stm32.9-2020-q2-update.win32_2.0.0.202105311346/tools/bin/../lib/gcc/arm-none-eabi/9.3.1/thumb/v7e-m+fp/hard/crti.o
 .ARM.attributes
                0x000000000000001e       0x34 c:/st/stm32cubeide_1.8.0/stm32cubeide/plugins/com.st.stm32cube.ide.mcu.externaltools.gnu-tools-for-stm32.9-2020-q2-update.win32_2.0.0.202105311346/tools/bin/../lib/gcc/arm-none-eabi/9.3.1/thumb/v7e-m+fp/hard/crtbegin.o
 .ARM.attributes
                0x0000000000000052       0x34 ./Src/gpio.o
 .ARM.attributes
                0x0000000000000086       0x34 ./Src/i2c.o
 .ARM.attributes
                0x00000000000000ba       0x34 ./Src/rcc.o
 .ARM.attributes
                0x00000000000000ee       0x34 ./Src/syscalls.o
 .ARM.attributes
                0x0000000000000122       0x34 ./Src/usart.o
 .ARM.attributes
                0x0000000000000156       0x34 ./Src/usart_demo.o
 .ARM.attributes
                0x000000000000018a       0x21 ./Startup/startup_stm32f411retx.o
 .ARM.attributes
                0x00000000000001ab       0x34 c:/st/stm32cubeide_1.8.0/stm32cubeide/plugins/com.st.stm32cube.ide.mcu.externaltools.gnu-tools-for-stm32.9-2020-q2-update.win32_2.0.0.202105311346/tools/bin/../lib/gcc/arm-none-eabi/9.3.1/../../../../arm-none-eabi/lib/thumb/v7e-m+fp/hard\libstdc++_nano.a(del_ops.o)
 .ARM.attributes
                0x00000000000001df       0x34 c:/st/stm32cubeide_1.8.0/stm32cubeide/plugins/com.st.stm32cube.ide.mcu.externaltools.gnu-tools-for-stm32.9-2020-q2-update.win32_2.0.0.202105311346/tools/bin/../lib/gcc/arm-none-eabi/9.3.1/../../../../arm-none-eabi/lib/thumb/v7e-m+fp/hard\libstdc++_nano.a(del_opv.o)
 .ARM.attributes
                0x0000000000000213       0x34 c:/st/stm32cubeide_1.8.0/stm32cubeide/plugins/com.st.stm32cube.ide.mcu.externaltools.gnu-tools-for-stm32.9-2020-q2-update.win32_2.0.0.202105311346/tools/bin/../lib/gcc/arm-none-eabi/9.3.1/../../../../arm-none-eabi/lib/thumb/v7e-m+fp/hard\libstdc++_nano.a(pure.o)
 .ARM.attributes
                0x0000000000000247       0x34 c:/st/stm32cubeide_1.8.0/stm32cubeide/plugins/com.st.stm32cube.ide.mcu.externaltools.gnu-tools-for-stm32.9-2020-q2-update.win32_2.0.0.202105311346/tools/bin/../lib/gcc/arm-none-eabi/9.3.1/../../../../arm-none-eabi/lib/thumb/v7e-m+fp/hard\libstdc++_nano.a(functexcept.o)
 .ARM.attributes
                0x000000000000027b       0x34 c:/st/stm32cubeide_1.8.0/stm32cubeide/plugins/com.st.stm32cube.ide.mcu.externaltools.gnu-tools-for-stm32.9-2020-q2-update.win32_2.0.0.202105311346/tools/bin/../lib/gcc/arm-none-eabi/9.3.1/../../../../arm-none-eabi/lib/thumb/v7e-m+fp/hard\libstdc++_nano.a(snprintf_lite.o)
 .ARM.attributes
                0x00000000000002af       0x34 c:/st/stm32cubeide_1.8.0/stm32cubeide/plugins/com.st.stm32cube.ide.mcu.externaltools.gnu-tools-for-stm32.9-2020-q2-update.win32_2.0.0.202105311346/tools/bin/../lib/gcc/arm-none-eabi/9.3.1/../../../../arm-none-eabi/lib/thumb/v7e-m+fp/hard\libstdc++_nano.a(del_op.o)
 .ARM.attributes
                0x00000000000002e3       0x34 c:/st/stm32cubeide_1.8.0/stm32cubeide/plugins/com.st.stm32cube.ide.mcu.externaltools.gnu-tools-for-stm32.9-2020-q2-update.win32_2.0.0.202105311346/tools/bin/../lib/gcc/arm-none-eabi/9.3.1/../../../../arm-none-eabi/lib/thumb/v7e-m+fp/hard\libstdc++_nano.a(eh_terminate.o)
 .ARM.attributes
                0x0000000000000317       0x32 c:/st/stm32cubeide_1.8.0/stm32cubeide/plugins/com.st.stm32cube.ide.mcu.externaltools.gnu-tools-for-stm32.9-2020-q2-update.win32_2.0.0.202105311346/tools/bin/../lib/gcc/arm-none-eabi/9.3.1/../../../../arm-none-eabi/lib/thumb/v7e-m+fp/hard\libstdc++_nano.a(eh_term_handler.o)
 .ARM.attributes
                0x0000000000000349       0x34 c:/st/stm32cubeide_1.8.0/stm32cubeide/plugins/com.st.stm32cube.ide.mcu.externaltools.gnu-tools-for-stm32.9-2020-q2-update.win32_2.0.0.202105311346/tools/bin/../lib/gcc/arm-none-eabi/9.3.1/../../../../arm-none-eabi/lib/thumb/v7e-m+fp/hard\libc_nano.a(lib_a-abort.o)
 .ARM.attributes
                0x000000000000037d       0x34 c:/st/stm32cubeide_1.8.0/stm32cubeide/plugins/com.st.stm32cube.ide.mcu.externaltools.gnu-tools-for-stm32.9-2020-q2-update.win32_2.0.0.202105311346/tools/bin/../lib/gcc/arm-none-eabi/9.3.1/../../../../arm-none-eabi/lib/thumb/v7e-m+fp/hard\libc_nano.a(lib_a-errno.o)
 .ARM.attributes
                0x00000000000003b1       0x32 c:/st/stm32cubeide_1.8.0/stm32cubeide/plugins/com.st.stm32cube.ide.mcu.externaltools.gnu-tools-for-stm32.9-2020-q2-update.win32_2.0.0.202105311346/tools/bin/../lib/gcc/arm-none-eabi/9.3.1/../../../../arm-none-eabi/lib/thumb/v7e-m+fp/hard\libc_nano.a(lib_a-impure.o)
 .ARM.attributes
                0x00000000000003e3       0x34 c:/st/stm32cubeide_1.8.0/stm32cubeide/plugins/com.st.stm32cube.ide.mcu.externaltools.gnu-tools-for-stm32.9-2020-q2-update.win32_2.0.0.202105311346/tools/bin/../lib/gcc/arm-none-eabi/9.3.1/../../../../arm-none-eabi/lib/thumb/v7e-m+fp/hard\libc_nano.a(lib_a-init.o)
 .ARM.attributes
                0x0000000000000417       0x34 c:/st/stm32cubeide_1.8.0/stm32cubeide/plugins/com.st.stm32cube.ide.mcu.externaltools.gnu-tools-for-stm32.9-2020-q2-update.win32_2.0.0.202105311346/tools/bin/../lib/gcc/arm-none-eabi/9.3.1/../../../../arm-none-eabi/lib/thumb/v7e-m+fp/hard\libc_nano.a(lib_a-malloc.o)
 .ARM.attributes
                0x000000000000044b       0x34 c:/st/stm32cubeide_1.8.0/stm32cubeide/plugins/com.st.stm32cube.ide.mcu.externaltools.gnu-tools-for-stm32.9-2020-q2-update.win32_2.0.0.202105311346/tools/bin/../lib/gcc/arm-none-eabi/9.3.1/../../../../arm-none-eabi/lib/thumb/v7e-m+fp/hard\libc_nano.a(lib_a-memcpy-stub.o)
 .ARM.attributes
                0x000000000000047f       0x34 c:/st/stm32cubeide_1.8.0/stm32cubeide/plugins/com.st.stm32cube.ide.mcu.externaltools.gnu-tools-for-stm32.9-2020-q2-update.win32_2.0.0.202105311346/tools/bin/../lib/gcc/arm-none-eabi/9.3.1/../../../../arm-none-eabi/lib/thumb/v7e-m+fp/hard\libc_nano.a(lib_a-nano-freer.o)
 .ARM.attributes
                0x00000000000004b3       0x34 c:/st/stm32cubeide_1.8.0/stm32cubeide/plugins/com.st.stm32cube.ide.mcu.externaltools.gnu-tools-for-stm32.9-2020-q2-update.win32_2.0.0.202105311346/tools/bin/../lib/gcc/arm-none-eabi/9.3.1/../../../../arm-none-eabi/lib/thumb/v7e-m+fp/hard\libc_nano.a(lib_a-nano-mallocr.o)
 .ARM.attributes
                0x00000000000004e7       0x34 c:/st/stm32cubeide_1.8.0/stm32cubeide/plugins/com.st.stm32cube.ide.mcu.externaltools.gnu-tools-for-stm32.9-2020-q2-update.win32_2.0.0.202105311346/tools/bin/../lib/gcc/arm-none-eabi/9.3.1/../../../../arm-none-eabi/lib/thumb/v7e-m+fp/hard\libc_nano.a(lib_a-signal.o)
 .ARM.attributes
                0x000000000000051b       0x34 c:/st/stm32cubeide_1.8.0/stm32cubeide/plugins/com.st.stm32cube.ide.mcu.externaltools.gnu-tools-for-stm32.9-2020-q2-update.win32_2.0.0.202105311346/tools/bin/../lib/gcc/arm-none-eabi/9.3.1/../../../../arm-none-eabi/lib/thumb/v7e-m+fp/hard\libc_nano.a(lib_a-signalr.o)
 .ARM.attributes
                0x000000000000054f       0x17 c:/st/stm32cubeide_1.8.0/stm32cubeide/plugins/com.st.stm32cube.ide.mcu.externaltools.gnu-tools-for-stm32.9-2020-q2-update.win32_2.0.0.202105311346/tools/bin/../lib/gcc/arm-none-eabi/9.3.1/../../../../arm-none-eabi/lib/thumb/v7e-m+fp/hard\libc_nano.a(lib_a-strlen.o)
 .ARM.attributes
                0x0000000000000566       0x34 c:/st/stm32cubeide_1.8.0/stm32cubeide/plugins/com.st.stm32cube.ide.mcu.externaltools.gnu-tools-for-stm32.9-2020-q2-update.win32_2.0.0.202105311346/tools/bin/../lib/gcc/arm-none-eabi/9.3.1/../../../../arm-none-eabi/lib/thumb/v7e-m+fp/hard\libc_nano.a(lib_a-mlock.o)
 .ARM.attributes
                0x000000000000059a       0x34 c:/st/stm32cubeide_1.8.0/stm32cubeide/plugins/com.st.stm32cube.ide.mcu.externaltools.gnu-tools-for-stm32.9-2020-q2-update.win32_2.0.0.202105311346/tools/bin/../lib/gcc/arm-none-eabi/9.3.1/../../../../arm-none-eabi/lib/thumb/v7e-m+fp/hard\libc_nano.a(lib_a-reent.o)
 .ARM.attributes
                0x00000000000005ce       0x34 c:/st/stm32cubeide_1.8.0/stm32cubeide/plugins/com.st.stm32cube.ide.mcu.externaltools.gnu-tools-for-stm32.9-2020-q2-update.win32_2.0.0.202105311346/tools/bin/../lib/gcc/arm-none-eabi/9.3.1/../../../../arm-none-eabi/lib/thumb/v7e-m+fp/hard\libc_nano.a(lib_a-lock.o)
 .ARM.attributes
                0x0000000000000602       0x1e c:/st/stm32cubeide_1.8.0/stm32cubeide/plugins/com.st.stm32cube.ide.mcu.externaltools.gnu-tools-for-stm32.9-2020-q2-update.win32_2.0.0.202105311346/tools/bin/../lib/gcc/arm-none-eabi/9.3.1/thumb/v7e-m+fp/hard\libgcc.a(_aeabi_uldivmod.o)
 .ARM.attributes
                0x0000000000000620       0x34 c:/st/stm32cubeide_1.8.0/stm32cubeide/plugins/com.st.stm32cube.ide.mcu.externaltools.gnu-tools-for-stm32.9-2020-q2-update.win32_2.0.0.202105311346/tools/bin/../lib/gcc/arm-none-eabi/9.3.1/thumb/v7e-m+fp/hard\libgcc.a(_udivmoddi4.o)
 .ARM.attributes
                0x0000000000000654       0x1e c:/st/stm32cubeide_1.8.0/stm32cubeide/plugins/com.st.stm32cube.ide.mcu.externaltools.gnu-tools-for-stm32.9-2020-q2-update.win32_2.0.0.202105311346/tools/bin/../lib/gcc/arm-none-eabi/9.3.1/thumb/v7e-m+fp/hard\libgcc.a(_dvmd_tls.o)
 .ARM.attributes
                0x0000000000000672       0x1e c:/st/stm32cubeide_1.8.0/stm32cubeide/plugins/com.st.stm32cube.ide.mcu.externaltools.gnu-tools-for-stm32.9-2020-q2-update.win32_2.0.0.202105311346/tools/bin/../lib/gcc/arm-none-eabi/9.3.1/thumb/v7e-m+fp/hard/crtn.o
OUTPUT(Drivers.elf elf32-littlearm)
LOAD linker stubs
LOAD c:/st/stm32cubeide_1.8.0/stm32cubeide/plugins/com.st.stm32cube.ide.mcu.externaltools.gnu-tools-for-stm32.9-2020-q2-update.win32_2.0.0.202105311346/tools/bin/../lib/gcc/arm-none-eabi/9.3.1/../../../../arm-none-eabi/lib/thumb/v7e-m+fp/hard\libc.a
LOAD c:/st/stm32cubeide_1.8.0/stm32cubeide/plugins/com.st.stm32cube.ide.mcu.externaltools.gnu-tools-for-stm32.9-2020-q2-update.win32_2.0.0.202105311346/tools/bin/../lib/gcc/arm-none-eabi/9.3.1/../../../../arm-none-eabi/lib/thumb/v7e-m+fp/hard\libm.a
LOAD c:/st/stm32cubeide_1.8.0/stm32cubeide/plugins/com.st.stm32cube.ide.mcu.externaltools.gnu-tools-for-stm32.9-2020-q2-update.win32_2.0.0.202105311346/tools/bin/../lib/gcc/arm-none-eabi/9.3.1/thumb/v7e-m+fp/hard\libgcc.a

.debug_info     0x0000000000000000    0x450a0
 .debug_info    0x0000000000000000     0xcb72 ./Src/gpio.o
 .debug_info    0x000000000000cb72     0xcccd ./Src/i2c.o
 .debug_info    0x000000000001983f     0xeacc ./Src/rcc.o
 .debug_info    0x000000000002830b      0xfa8 ./Src/syscalls.o
 .debug_info    0x00000000000292b3     0xcc70 ./Src/usart.o
 .debug_info    0x0000000000035f23     0xf15b ./Src/usart_demo.o
 .debug_info    0x000000000004507e       0x22 ./Startup/startup_stm32f411retx.o

.debug_abbrev   0x0000000000000000     0x34e3
 .debug_abbrev  0x0000000000000000      0x9ea ./Src/gpio.o
 .debug_abbrev  0x00000000000009ea      0xa46 ./Src/i2c.o
 .debug_abbrev  0x0000000000001430      0x975 ./Src/rcc.o
 .debug_abbrev  0x0000000000001da5      0x286 ./Src/syscalls.o
 .debug_abbrev  0x000000000000202b      0xa18 ./Src/usart.o
 .debug_abbrev  0x0000000000002a43      0xa8e ./Src/usart_demo.o
 .debug_abbrev  0x00000000000034d1       0x12 ./Startup/startup_stm32f411retx.o

.debug_aranges  0x0000000000000000      0x508
 .debug_aranges
                0x0000000000000000       0xe8 ./Src/gpio.o
 .debug_aranges
                0x00000000000000e8      0x100 ./Src/i2c.o
 .debug_aranges
                0x00000000000001e8       0x90 ./Src/rcc.o
 .debug_aranges
                0x0000000000000278       0xa8 ./Src/syscalls.o
 .debug_aranges
                0x0000000000000320       0xf0 ./Src/usart.o
 .debug_aranges
                0x0000000000000410       0xd0 ./Src/usart_demo.o
 .debug_aranges
                0x00000000000004e0       0x28 ./Startup/startup_stm32f411retx.o

.debug_ranges   0x0000000000000000      0x4a0
 .debug_ranges  0x0000000000000000       0xd8 ./Src/gpio.o
 .debug_ranges  0x00000000000000d8       0xf0 ./Src/i2c.o
 .debug_ranges  0x00000000000001c8       0x80 ./Src/rcc.o
 .debug_ranges  0x0000000000000248       0x98 ./Src/syscalls.o
 .debug_ranges  0x00000000000002e0       0xe0 ./Src/usart.o
 .debug_ranges  0x00000000000003c0       0xc0 ./Src/usart_demo.o
 .debug_ranges  0x0000000000000480       0x20 ./Startup/startup_stm32f411retx.o

.debug_macro    0x0000000000000000     0xa706
 .debug_macro   0x0000000000000000      0x59b ./Src/gpio.o
 .debug_macro   0x000000000000059b      0xbfe ./Src/gpio.o
 .debug_macro   0x0000000000001199       0x28 ./Src/gpio.o
 .debug_macro   0x00000000000011c1      0x17c ./Src/gpio.o
 .debug_macro   0x000000000000133d       0x10 ./Src/gpio.o
 .debug_macro   0x000000000000134d       0x9e ./Src/gpio.o
 .debug_macro   0x00000000000013eb       0xfd ./Src/gpio.o
 .debug_macro   0x00000000000014e8      0x3a0 ./Src/gpio.o
 .debug_macro   0x0000000000001888       0x1c ./Src/gpio.o
 .debug_macro   0x00000000000018a4       0x22 ./Src/gpio.o
 .debug_macro   0x00000000000018c6       0x8e ./Src/gpio.o
 .debug_macro   0x0000000000001954       0x51 ./Src/gpio.o
 .debug_macro   0x00000000000019a5      0x103 ./Src/gpio.o
 .debug_macro   0x0000000000001aa8       0x6a ./Src/gpio.o
 .debug_macro   0x0000000000001b12      0x1df ./Src/gpio.o
 .debug_macro   0x0000000000001cf1       0x16 ./Src/gpio.o
 .debug_macro   0x0000000000001d07       0x1c ./Src/gpio.o
 .debug_macro   0x0000000000001d23       0x18 ./Src/gpio.o
 .debug_macro   0x0000000000001d3b       0x6e ./Src/gpio.o
 .debug_macro   0x0000000000001da9       0x28 ./Src/gpio.o
 .debug_macro   0x0000000000001dd1       0x6a ./Src/gpio.o
 .debug_macro   0x0000000000001e3b       0x18 ./Src/gpio.o
 .debug_macro   0x0000000000001e53       0x2e ./Src/gpio.o
 .debug_macro   0x0000000000001e81       0x1f ./Src/gpio.o
 .debug_macro   0x0000000000001ea0       0x88 ./Src/gpio.o
 .debug_macro   0x0000000000001f28       0x19 ./Src/gpio.o
 .debug_macro   0x0000000000001f41       0x52 ./Src/gpio.o
 .debug_macro   0x0000000000001f93       0x18 ./Src/gpio.o
 .debug_macro   0x0000000000001fab       0x3c ./Src/gpio.o
 .debug_macro   0x0000000000001fe7       0x34 ./Src/gpio.o
 .debug_macro   0x000000000000201b      0x17b ./Src/gpio.o
 .debug_macro   0x0000000000002196       0x16 ./Src/gpio.o
 .debug_macro   0x00000000000021ac       0x43 ./Src/gpio.o
 .debug_macro   0x00000000000021ef       0x34 ./Src/gpio.o
 .debug_macro   0x0000000000002223       0x10 ./Src/gpio.o
 .debug_macro   0x0000000000002233       0x58 ./Src/gpio.o
 .debug_macro   0x000000000000228b       0x71 ./Src/gpio.o
 .debug_macro   0x00000000000022fc       0x16 ./Src/gpio.o
 .debug_macro   0x0000000000002312      0x12a ./Src/gpio.o
 .debug_macro   0x000000000000243c       0x1c ./Src/gpio.o
 .debug_macro   0x0000000000002458       0x3c ./Src/gpio.o
 .debug_macro   0x0000000000002494      0x35c ./Src/gpio.o
 .debug_macro   0x00000000000027f0       0x10 ./Src/gpio.o
 .debug_macro   0x0000000000002800       0x10 ./Src/gpio.o
 .debug_macro   0x0000000000002810       0x33 ./Src/gpio.o
 .debug_macro   0x0000000000002843      0x173 ./Src/gpio.o
 .debug_macro   0x00000000000029b6       0x11 ./Src/gpio.o
 .debug_macro   0x00000000000029c7       0x10 ./Src/gpio.o
 .debug_macro   0x00000000000029d7       0x17 ./Src/gpio.o
 .debug_macro   0x00000000000029ee       0x10 ./Src/gpio.o
 .debug_macro   0x00000000000029fe       0x35 ./Src/gpio.o
 .debug_macro   0x0000000000002a33       0x5e ./Src/gpio.o
 .debug_macro   0x0000000000002a91       0x16 ./Src/gpio.o
 .debug_macro   0x0000000000002aa7       0x52 ./Src/gpio.o
 .debug_macro   0x0000000000002af9       0x5e ./Src/gpio.o
 .debug_macro   0x0000000000002b57       0x11 ./Src/gpio.o
 .debug_macro   0x0000000000002b68       0x11 ./Src/gpio.o
 .debug_macro   0x0000000000002b79       0x2f ./Src/gpio.o
 .debug_macro   0x0000000000002ba8       0x16 ./Src/gpio.o
 .debug_macro   0x0000000000002bbe       0x10 ./Src/gpio.o
 .debug_macro   0x0000000000002bce      0x120 ./Src/gpio.o
 .debug_macro   0x0000000000002cee       0x17 ./Src/gpio.o
 .debug_macro   0x0000000000002d05       0x10 ./Src/gpio.o
 .debug_macro   0x0000000000002d15       0x16 ./Src/gpio.o
 .debug_macro   0x0000000000002d2b       0x16 ./Src/gpio.o
 .debug_macro   0x0000000000002d41       0x29 ./Src/gpio.o
 .debug_macro   0x0000000000002d6a       0x1c ./Src/gpio.o
 .debug_macro   0x0000000000002d86       0xde ./Src/gpio.o
 .debug_macro   0x0000000000002e64       0x1c ./Src/gpio.o
 .debug_macro   0x0000000000002e80       0x10 ./Src/gpio.o
 .debug_macro   0x0000000000002e90       0x1c ./Src/gpio.o
 .debug_macro   0x0000000000002eac       0x52 ./Src/gpio.o
 .debug_macro   0x0000000000002efe       0x22 ./Src/gpio.o
 .debug_macro   0x0000000000002f20       0x10 ./Src/gpio.o
 .debug_macro   0x0000000000002f30       0x40 ./Src/gpio.o
 .debug_macro   0x0000000000002f70       0xd5 ./Src/gpio.o
 .debug_macro   0x0000000000003045       0x1c ./Src/gpio.o
 .debug_macro   0x0000000000003061       0x3d ./Src/gpio.o
 .debug_macro   0x000000000000309e       0x16 ./Src/gpio.o
 .debug_macro   0x00000000000030b4      0x130 ./Src/gpio.o
 .debug_macro   0x00000000000031e4      0x11d ./Src/gpio.o
 .debug_macro   0x0000000000003301       0x10 ./Src/gpio.o
 .debug_macro   0x0000000000003311      0x241 ./Src/gpio.o
 .debug_macro   0x0000000000003552       0x2b ./Src/gpio.o
 .debug_macro   0x000000000000357d     0x3f23 ./Src/gpio.o
 .debug_macro   0x00000000000074a0       0x5e ./Src/gpio.o
 .debug_macro   0x00000000000074fe      0x5a5 ./Src/i2c.o
 .debug_macro   0x0000000000007aa3       0x2e ./Src/i2c.o
 .debug_macro   0x0000000000007ad1      0x590 ./Src/rcc.o
 .debug_macro   0x0000000000008061      0x24c ./Src/syscalls.o
 .debug_macro   0x00000000000082ad      0xab4 ./Src/syscalls.o
 .debug_macro   0x0000000000008d61       0x4c ./Src/syscalls.o
 .debug_macro   0x0000000000008dad       0x94 ./Src/syscalls.o
 .debug_macro   0x0000000000008e41       0x34 ./Src/syscalls.o
 .debug_macro   0x0000000000008e75       0x57 ./Src/syscalls.o
 .debug_macro   0x0000000000008ecc      0x174 ./Src/syscalls.o
 .debug_macro   0x0000000000009040      0x339 ./Src/syscalls.o
 .debug_macro   0x0000000000009379       0x43 ./Src/syscalls.o
 .debug_macro   0x00000000000093bc       0x1c ./Src/syscalls.o
 .debug_macro   0x00000000000093d8       0x10 ./Src/syscalls.o
 .debug_macro   0x00000000000093e8       0x35 ./Src/syscalls.o
 .debug_macro   0x000000000000941d       0x10 ./Src/syscalls.o
 .debug_macro   0x000000000000942d       0x10 ./Src/syscalls.o
 .debug_macro   0x000000000000943d       0x35 ./Src/syscalls.o
 .debug_macro   0x0000000000009472      0x12c ./Src/syscalls.o
 .debug_macro   0x000000000000959e       0x10 ./Src/syscalls.o
 .debug_macro   0x00000000000095ae      0x145 ./Src/syscalls.o
 .debug_macro   0x00000000000096f3      0x189 ./Src/syscalls.o
 .debug_macro   0x000000000000987c       0x16 ./Src/syscalls.o
 .debug_macro   0x0000000000009892       0xce ./Src/syscalls.o
 .debug_macro   0x0000000000009960      0x5a5 ./Src/usart.o
 .debug_macro   0x0000000000009f05       0xb2 ./Src/usart.o
 .debug_macro   0x0000000000009fb7      0x5d3 ./Src/usart_demo.o
 .debug_macro   0x000000000000a58a       0xb8 ./Src/usart_demo.o
 .debug_macro   0x000000000000a642       0x16 ./Src/usart_demo.o
 .debug_macro   0x000000000000a658       0x20 ./Src/usart_demo.o
 .debug_macro   0x000000000000a678       0x8e ./Src/usart_demo.o

.debug_line     0x0000000000000000     0x7278
 .debug_line    0x0000000000000000     0x14b8 ./Src/gpio.o
 .debug_line    0x00000000000014b8     0x1781 ./Src/i2c.o
 .debug_line    0x0000000000002c39     0x12f9 ./Src/rcc.o
 .debug_line    0x0000000000003f32      0x7fd ./Src/syscalls.o
 .debug_line    0x000000000000472f     0x1701 ./Src/usart.o
 .debug_line    0x0000000000005e30     0x13c4 ./Src/usart_demo.o
 .debug_line    0x00000000000071f4       0x84 ./Startup/startup_stm32f411retx.o

.debug_str      0x0000000000000000    0x3b4cb
 .debug_str     0x0000000000000000    0x34e8f ./Src/gpio.o
                                      0x3565d (size before relaxing)
 .debug_str     0x0000000000034e8f      0x37d ./Src/i2c.o
                                      0x35610 (size before relaxing)
 .debug_str     0x000000000003520c     0x4640 ./Src/rcc.o
                                      0x397c0 (size before relaxing)
 .debug_str     0x000000000003984c     0x14b3 ./Src/syscalls.o
                                       0x8ebb (size before relaxing)
 .debug_str     0x000000000003acff      0x4fe ./Src/usart.o
                                      0x357a5 (size before relaxing)
 .debug_str     0x000000000003b1fd      0x29d ./Src/usart_demo.o
                                      0x39f97 (size before relaxing)
 .debug_str     0x000000000003b49a       0x31 ./Startup/startup_stm32f411retx.o
                                         0x4c (size before relaxing)

.comment        0x0000000000000000       0x53
 .comment       0x0000000000000000       0x53 ./Src/gpio.o
                                         0x54 (size before relaxing)
 .comment       0x0000000000000053       0x54 ./Src/i2c.o
 .comment       0x0000000000000053       0x54 ./Src/rcc.o
 .comment       0x0000000000000053       0x54 ./Src/syscalls.o
 .comment       0x0000000000000053       0x54 ./Src/usart.o
 .comment       0x0000000000000053       0x54 ./Src/usart_demo.o

.debug_frame    0x0000000000000000     0x1be4
 .debug_frame   0x0000000000000000      0x3f0 ./Src/gpio.o
 .debug_frame   0x00000000000003f0      0x468 ./Src/i2c.o
 .debug_frame   0x0000000000000858      0x248 ./Src/rcc.o
 .debug_frame   0x0000000000000aa0      0x2ac ./Src/syscalls.o
 .debug_frame   0x0000000000000d4c      0x428 ./Src/usart.o
 .debug_frame   0x0000000000001174      0x360 ./Src/usart_demo.o
 .debug_frame   0x00000000000014d4       0x20 c:/st/stm32cubeide_1.8.0/stm32cubeide/plugins/com.st.stm32cube.ide.mcu.externaltools.gnu-tools-for-stm32.9-2020-q2-update.win32_2.0.0.202105311346/tools/bin/../lib/gcc/arm-none-eabi/9.3.1/../../../../arm-none-eabi/lib/thumb/v7e-m+fp/hard\libstdc++_nano.a(del_ops.o)
 .debug_frame   0x00000000000014f4       0x20 c:/st/stm32cubeide_1.8.0/stm32cubeide/plugins/com.st.stm32cube.ide.mcu.externaltools.gnu-tools-for-stm32.9-2020-q2-update.win32_2.0.0.202105311346/tools/bin/../lib/gcc/arm-none-eabi/9.3.1/../../../../arm-none-eabi/lib/thumb/v7e-m+fp/hard\libstdc++_nano.a(del_opv.o)
 .debug_frame   0x0000000000001514       0x40 c:/st/stm32cubeide_1.8.0/stm32cubeide/plugins/com.st.stm32cube.ide.mcu.externaltools.gnu-tools-for-stm32.9-2020-q2-update.win32_2.0.0.202105311346/tools/bin/../lib/gcc/arm-none-eabi/9.3.1/../../../../arm-none-eabi/lib/thumb/v7e-m+fp/hard\libstdc++_nano.a(pure.o)
 .debug_frame   0x0000000000001554      0x170 c:/st/stm32cubeide_1.8.0/stm32cubeide/plugins/com.st.stm32cube.ide.mcu.externaltools.gnu-tools-for-stm32.9-2020-q2-update.win32_2.0.0.202105311346/tools/bin/../lib/gcc/arm-none-eabi/9.3.1/../../../../arm-none-eabi/lib/thumb/v7e-m+fp/hard\libstdc++_nano.a(functexcept.o)
 .debug_frame   0x00000000000016c4       0x78 c:/st/stm32cubeide_1.8.0/stm32cubeide/plugins/com.st.stm32cube.ide.mcu.externaltools.gnu-tools-for-stm32.9-2020-q2-update.win32_2.0.0.202105311346/tools/bin/../lib/gcc/arm-none-eabi/9.3.1/../../../../arm-none-eabi/lib/thumb/v7e-m+fp/hard\libstdc++_nano.a(snprintf_lite.o)
 .debug_frame   0x000000000000173c       0x20 c:/st/stm32cubeide_1.8.0/stm32cubeide/plugins/com.st.stm32cube.ide.mcu.externaltools.gnu-tools-for-stm32.9-2020-q2-update.win32_2.0.0.202105311346/tools/bin/../lib/gcc/arm-none-eabi/9.3.1/../../../../arm-none-eabi/lib/thumb/v7e-m+fp/hard\libstdc++_nano.a(del_op.o)
 .debug_frame   0x000000000000175c       0xb0 c:/st/stm32cubeide_1.8.0/stm32cubeide/plugins/com.st.stm32cube.ide.mcu.externaltools.gnu-tools-for-stm32.9-2020-q2-update.win32_2.0.0.202105311346/tools/bin/../lib/gcc/arm-none-eabi/9.3.1/../../../../arm-none-eabi/lib/thumb/v7e-m+fp/hard\libstdc++_nano.a(eh_terminate.o)
 .debug_frame   0x000000000000180c       0x28 c:/st/stm32cubeide_1.8.0/stm32cubeide/plugins/com.st.stm32cube.ide.mcu.externaltools.gnu-tools-for-stm32.9-2020-q2-update.win32_2.0.0.202105311346/tools/bin/../lib/gcc/arm-none-eabi/9.3.1/../../../../arm-none-eabi/lib/thumb/v7e-m+fp/hard\libc_nano.a(lib_a-abort.o)
 .debug_frame   0x0000000000001834       0x20 c:/st/stm32cubeide_1.8.0/stm32cubeide/plugins/com.st.stm32cube.ide.mcu.externaltools.gnu-tools-for-stm32.9-2020-q2-update.win32_2.0.0.202105311346/tools/bin/../lib/gcc/arm-none-eabi/9.3.1/../../../../arm-none-eabi/lib/thumb/v7e-m+fp/hard\libc_nano.a(lib_a-errno.o)
 .debug_frame   0x0000000000001854       0x2c c:/st/stm32cubeide_1.8.0/stm32cubeide/plugins/com.st.stm32cube.ide.mcu.externaltools.gnu-tools-for-stm32.9-2020-q2-update.win32_2.0.0.202105311346/tools/bin/../lib/gcc/arm-none-eabi/9.3.1/../../../../arm-none-eabi/lib/thumb/v7e-m+fp/hard\libc_nano.a(lib_a-init.o)
 .debug_frame   0x0000000000001880       0x30 c:/st/stm32cubeide_1.8.0/stm32cubeide/plugins/com.st.stm32cube.ide.mcu.externaltools.gnu-tools-for-stm32.9-2020-q2-update.win32_2.0.0.202105311346/tools/bin/../lib/gcc/arm-none-eabi/9.3.1/../../../../arm-none-eabi/lib/thumb/v7e-m+fp/hard\libc_nano.a(lib_a-malloc.o)
 .debug_frame   0x00000000000018b0       0x28 c:/st/stm32cubeide_1.8.0/stm32cubeide/plugins/com.st.stm32cube.ide.mcu.externaltools.gnu-tools-for-stm32.9-2020-q2-update.win32_2.0.0.202105311346/tools/bin/../lib/gcc/arm-none-eabi/9.3.1/../../../../arm-none-eabi/lib/thumb/v7e-m+fp/hard\libc_nano.a(lib_a-memcpy-stub.o)
 .debug_frame   0x00000000000018d8       0x38 c:/st/stm32cubeide_1.8.0/stm32cubeide/plugins/com.st.stm32cube.ide.mcu.externaltools.gnu-tools-for-stm32.9-2020-q2-update.win32_2.0.0.202105311346/tools/bin/../lib/gcc/arm-none-eabi/9.3.1/../../../../arm-none-eabi/lib/thumb/v7e-m+fp/hard\libc_nano.a(lib_a-nano-freer.o)
 .debug_frame   0x0000000000001910       0x30 c:/st/stm32cubeide_1.8.0/stm32cubeide/plugins/com.st.stm32cube.ide.mcu.externaltools.gnu-tools-for-stm32.9-2020-q2-update.win32_2.0.0.202105311346/tools/bin/../lib/gcc/arm-none-eabi/9.3.1/../../../../arm-none-eabi/lib/thumb/v7e-m+fp/hard\libc_nano.a(lib_a-nano-mallocr.o)
 .debug_frame   0x0000000000001940       0xcc c:/st/stm32cubeide_1.8.0/stm32cubeide/plugins/com.st.stm32cube.ide.mcu.externaltools.gnu-tools-for-stm32.9-2020-q2-update.win32_2.0.0.202105311346/tools/bin/../lib/gcc/arm-none-eabi/9.3.1/../../../../arm-none-eabi/lib/thumb/v7e-m+fp/hard\libc_nano.a(lib_a-signal.o)
 .debug_frame   0x0000000000001a0c       0x3c c:/st/stm32cubeide_1.8.0/stm32cubeide/plugins/com.st.stm32cube.ide.mcu.externaltools.gnu-tools-for-stm32.9-2020-q2-update.win32_2.0.0.202105311346/tools/bin/../lib/gcc/arm-none-eabi/9.3.1/../../../../arm-none-eabi/lib/thumb/v7e-m+fp/hard\libc_nano.a(lib_a-signalr.o)
 .debug_frame   0x0000000000001a48       0x30 c:/st/stm32cubeide_1.8.0/stm32cubeide/plugins/com.st.stm32cube.ide.mcu.externaltools.gnu-tools-for-stm32.9-2020-q2-update.win32_2.0.0.202105311346/tools/bin/../lib/gcc/arm-none-eabi/9.3.1/../../../../arm-none-eabi/lib/thumb/v7e-m+fp/hard\libc_nano.a(lib_a-mlock.o)
 .debug_frame   0x0000000000001a78       0x5c c:/st/stm32cubeide_1.8.0/stm32cubeide/plugins/com.st.stm32cube.ide.mcu.externaltools.gnu-tools-for-stm32.9-2020-q2-update.win32_2.0.0.202105311346/tools/bin/../lib/gcc/arm-none-eabi/9.3.1/../../../../arm-none-eabi/lib/thumb/v7e-m+fp/hard\libc_nano.a(lib_a-reent.o)
 .debug_frame   0x0000000000001ad4       0xb0 c:/st/stm32cubeide_1.8.0/stm32cubeide/plugins/com.st.stm32cube.ide.mcu.externaltools.gnu-tools-for-stm32.9-2020-q2-update.win32_2.0.0.202105311346/tools/bin/../lib/gcc/arm-none-eabi/9.3.1/../../../../arm-none-eabi/lib/thumb/v7e-m+fp/hard\libc_nano.a(lib_a-lock.o)
 .debug_frame   0x0000000000001b84       0x2c c:/st/stm32cubeide_1.8.0/stm32cubeide/plugins/com.st.stm32cube.ide.mcu.externaltools.gnu-tools-for-stm32.9-2020-q2-update.win32_2.0.0.202105311346/tools/bin/../lib/gcc/arm-none-eabi/9.3.1/thumb/v7e-m+fp/hard\libgcc.a(_aeabi_uldivmod.o)
 .debug_frame   0x0000000000001bb0       0x34 c:/st/stm32cubeide_1.8.0/stm32cubeide/plugins/com.st.stm32cube.ide.mcu.externaltools.gnu-tools-for-stm32.9-2020-q2-update.win32_2.0.0.202105311346/tools/bin/../lib/gcc/arm-none-eabi/9.3.1/thumb/v7e-m+fp/hard\libgcc.a(_udivmoddi4.o)
