gthr-default.h:229:1:int __gthread_key_delete(__gthread_key_t)	16	static
bitset:386:17:constexpr std::_Base_bitset<1>::_Base_bitset(long long unsigned int)	24	static
bitset:402:7:static constexpr std::size_t std::_Base_bitset<1>::_S_whichbit(std::size_t)	16	static
bitset:406:7:static constexpr std::_Base_bitset<1>::_WordT std::_Base_bitset<1>::_S_maskbit(std::size_t)	16	static
bitset:410:7:std::_Base_bitset<1>::_WordT& std::_Base_bitset<1>::_M_getword(std::size_t)	16	static
bitset:436:7:void std::_Base_bitset<1>::_M_do_or(const std::_Base_bitset<1>&)	16	static
gpio.cpp:18:6:virtual void GPIO::ClockControl(bool)	16	static
gpio.cpp:35:6:virtual void GPIO::DeInit()	16	static
gpio.cpp:56:6:void GPIO::Init(uint8_t, uint8_t)	32	static
gpio.cpp:80:9:bit32_t GPIO::ReadPort()	16	static
gpio.cpp:92:6:bool GPIO::ReadPin()	32	static
gpio.cpp:104:6:void GPIO::WritePort(uint32_t)	24	static
gpio.cpp:116:6:void GPIO::WritePin(bool)	16	static
gpio.cpp:128:6:void GPIO::TogglePin()	16	static
bitset:1163:7:std::bitset<_Nb>::reference std::bitset<_Nb>::operator[](std::size_t) [with unsigned int _Nb = 32]	24	static
bitset:823:2:std::bitset<_Nb>::reference::~reference() [with unsigned int _Nb = 32]	16	static
bitset:874:17:constexpr std::bitset<_Nb>::bitset(long long unsigned int) [with unsigned int _Nb = 32]	32	static
bitset:979:7:std::bitset<_Nb>& std::bitset<_Nb>::operator|=(const std::bitset<_Nb>&) [with unsigned int _Nb = 32]	16	static
bitset:1089:7:std::bitset<_Nb>& std::bitset<_Nb>::set(std::size_t, bool) [with unsigned int _Nb = 32]	24	static
bitset:854:2:std::bitset<_Nb>::reference::operator bool() const [with unsigned int _Nb = 32]	24	static
bitset:1136:7:std::bitset<_Nb>& std::bitset<_Nb>::flip(std::size_t) [with unsigned int _Nb = 32]	16	static
bitset:813:2:std::bitset<_Nb>::reference::reference(std::bitset<_Nb>&, std::size_t) [with unsigned int _Nb = 32]	24	static
bitset:682:7:static constexpr long long unsigned int std::_Sanitize_val<_Nb, true>::_S_do_sanitize_val(long long unsigned int) [with unsigned int _Nb = 32]	24	static
bitset:770:12:void std::bitset<_Nb>::_M_check(std::size_t, const char*) const [with unsigned int _Nb = 32]	24	static
bitset:1041:7:std::bitset<_Nb>& std::bitset<_Nb>::_Unchecked_set(std::size_t, int) [with unsigned int _Nb = 32]	32	static
bitset:1058:7:std::bitset<_Nb>& std::bitset<_Nb>::_Unchecked_flip(std::size_t) [with unsigned int _Nb = 32]	24	static
